ESP-ROM:esp32c3-api1-20210207
Build:Feb  7 2021
rst:0x15 (USB_UART_CHIP_RESET),boot:0xd (SPI_FAST_FLASH_BOOT)
Saved PC:0x40384c46
SPIWP:0xee
mode:DIO, clock div:1
load:0x3fcd5820,len:0x1820
load:0x403cc710,len:0xbd0
load:0x403ce710,len:0x2f4c
entry 0x403cc71a
[0;32mI (24) boot: ESP-IDF v5.2.6-dirty 2nd stage bootloader[0m
[0;32mI (24) boot: compile time Apr 10 2026 23:14:25[0m
[0;32mI (25) boot: chip revision: v0.4[0m
[0;32mI (28) boot: efuse block revision: v1.3[0m
[0;32mI (32) boot.esp32c3: SPI Speed      : 80MHz[0m
[0;32mI (37) boot.esp32c3: SPI Mode       : DIO[0m
[0;32mI (42) boot.esp32c3: SPI Flash Size : 4MB[0m
[0;32mI (47) boot: Enabling RNG early entropy source...[0m
[0;32mI (52) boot: Partition Table:[0m
[0;32mI (56) boot: ## Label            Usage          Type ST Offset   Length[0m
[0;32mI (63) boot:  0 nvs              WiFi data        01 02 00009000 00006000[0m
[0;32mI (70) boot:  1 phy_init         RF data          01 01 0000f000 00001000[0m
[0;32mI (78) boot:  2 otadata          OTA data         01 00 00010000 00002000[0m
[0;32mI (85) boot:  3 factory          factory app      00 00 00020000 00100000[0m
[0;32mI (93) boot:  4 ota_0            OTA app          00 10 00120000 00100000[0m
[0;32mI (100) boot:  5 ota_1            OTA app          00 11 00220000 00100000[0m
[0;32mI (108) boot:  6 spiffs           Unknown data     01 82 00320000 00080000[0m
[0;32mI (115) boot: End of partition table[0m
[0;32mI (120) boot: Defaulting to factory image[0m
[0;32mI (124) esp_image: segment 0: paddr=00020020 vaddr=3c0a0020 size=1d224h (119332) map[0m
[0;32mI (151) esp_image: segment 1: paddr=0003d24c vaddr=3fc93e00 size=02c98h ( 11416) load[0m
[0;32mI (154) esp_image: segment 2: paddr=0003feec vaddr=40380000 size=0012ch (   300) load[0m
[0;32mI (157) esp_image: segment 3: paddr=00040020 vaddr=42000020 size=9a960h (633184) map[0m
[0;32mI (265) esp_image: segment 4: paddr=000da988 vaddr=4038012c size=13b14h ( 80660) load[0m
[0;32mI (286) boot: Loaded app from partition at offset 0x20000[0m
[0;32mI (286) boot: Disabling RNG early entropy source...[0m
[0;32mI (298) cpu_start: Unicore app[0m
[0;32mI (306) cpu_start: Pro cpu start user code[0m
[0;32mI (306) cpu_start: cpu freq: 160000000 Hz[0m
[0;32mI (307) cpu_start: Application information:[0m
[0;32mI (309) cpu_start: Project name:     NCKH2026_RailRobot[0m
[0;32mI (315) cpu_start: App version:      31923fc-dirty[0m
[0;32mI (321) cpu_start: Compile time:     Apr 10 2026 23:14:05[0m
[0;32mI (327) cpu_start: ELF file SHA256:  bdaf49aaa...[0m
[0;32mI (332) cpu_start: ESP-IDF:          v5.2.6-dirty[0m
[0;32mI (338) cpu_start: Min chip rev:     v0.3[0m
[0;32mI (342) cpu_start: Max chip rev:     v1.99 [0m
[0;32mI (347) cpu_start: Chip rev:         v0.4[0m
[0;32mI (352) heap_init: Initializing. RAM available for dynamic allocation:[0m
[0;32mI (359) heap_init: At 3FC9ABE0 len 00025420 (149 KiB): RAM[0m
[0;32mI (365) heap_init: At 3FCC0000 len 0001C710 (113 KiB): Retention RAM[0m
[0;32mI (372) heap_init: At 3FCDC710 len 00002950 (10 KiB): Retention RAM[0m
[0;32mI (379) heap_init: At 50000010 len 00001FD8 (7 KiB): RTCRAM[0m
[0;32mI (386) spi_flash: detected chip: generic[0m
[0;32mI (390) spi_flash: flash io: dio[0m
[0;32mI (395) sleep: Configure to isolate all GPIO pins in sleep state[0m
[0;32mI (401) sleep: Enable automatic switching of GPIO sleep configuration[0m
[0;32mI (408) main_task: Started on CPU0[0m
[0;32mI (408) main_task: Calling app_main()[0m
[0;32mI (418) MAIN_APP: NVS initialized successfully.[0m
[0;32mI (418) pp: pp rom version: 9387209[0m
[0;32mI (418) net80211: net80211 rom version: 9387209[0m
[0;32mI (438) wifi:wifi driver task: 3fca38fc, prio:23, stack:6656, core=0[0m
[0;32mI (438) wifi:wifi firmware version: e851349[0m
[0;32mI (438) wifi:wifi certification version: v7.0[0m
[0;32mI (438) wifi:config NVS flash: enabled[0m
[0;32mI (448) wifi:config nano formating: disabled[0m
[0;32mI (448) wifi:Init data frame dynamic rx buffer num: 32[0m
[0;32mI (448) wifi:Init static rx mgmt buffer num: 5[0m
[0;32mI (458) wifi:Init management short buffer num: 32[0m
[0;32mI (458) wifi:Init dynamic tx buffer num: 32[0m
[0;32mI (468) wifi:Init static tx FG buffer num: 2[0m
[0;32mI (468) wifi:Init static rx buffer size: 1600[0m
[0;32mI (468) wifi:Init static rx buffer num: 10[0m
[0;32mI (478) wifi:Init dynamic rx buffer num: 32[0m
[0;32mI (478) wifi_init: rx ba win: 6[0m
[0;32mI (488) wifi_init: tcpip mbox: 32[0m
[0;32mI (488) wifi_init: udp mbox: 6[0m
[0;32mI (488) wifi_init: tcp mbox: 6[0m
[0;32mI (498) wifi_init: tcp tx win: 5760[0m
[0;32mI (498) wifi_init: tcp rx win: 5760[0m
[0;32mI (508) wifi_init: tcp mss: 1440[0m
[0;32mI (508) wifi_init: WiFi IRAM OP enabled[0m
[0;32mI (508) wifi_init: WiFi RX IRAM OP enabled[0m
[0;32mI (518) phy_init: phy_version 1201,bae5dd99,Mar  3 2025,15:36:21[0m
[0;32mI (558) phy_init: Saving new calibration data due to checksum failure or outdated calibration data, mode(0)[0m
[0;32mI (568) wifi:mode : sta (10:00:3b:cc:55:10)[0m
[0;32mI (568) wifi:enable tsf[0m
[0;32mI (568) wifi:Set ps type: 0, coexist: 0[0m

[0;32mI (578) WIFI_MGR: Connecting to WiFi SSID: Nguyen Manh[0m
[0;32mI (1578) WIFI_MGR: Waiting for WiFi... (1/5)[0m
[0;32mI (2578) WIFI_MGR: Waiting for WiFi... (2/5)[0m
[0;32mI (3578) WIFI_MGR: Waiting for WiFi... (3/5)[0m
[0;32mI (4578) WIFI_MGR: Waiting for WiFi... (4/5)[0m
[0;32mI (5578) WIFI_MGR: Waiting for WiFi... (5/5)[0m
[0;31mE (5578) WIFI_MGR: Failed to connect to WiFi![0m
[0;32mI (5578) MAIN_APP: WiFi initialized successfully.[0m
[0;32mI (5678) OTA_SERVER: OTA Server started at port 81[0m
[0;32mI (5678) OTA_SERVER: -------------------------------------------------------------[0m
[0;32mI (5678) OTA_SERVER: 🚀 OTA SERVER READY![0m
[0;32mI (5678) OTA_SERVER: 👉 Click to open: http://0.0.0.0:81/ota[0m
[0;32mI (5688) OTA_SERVER: -------------------------------------------------------------[0m
[0;32mI (5698) MAIN_APP: OTA Server started successfully.[0m
[0;32mI (5708) uart: queue free spaces: 20[0m
[0;32mI (5708) UART_APP: Da khoi tao UART1 (TX: 20, RX: 21) o toc do 9600[0m
[0;32mI (6768) UART_APP: Nhan duoc 13 bytes tu STM32: test printf
[0m
74 65 73 74 20 70 72 69 6E 74 66 0D 0A 
[0;32mI (8758) UART_APP: Nhan duoc 13 bytes tu STM32: test printf
[0m
74 65 73 74 20 70 72 69 6E 74 66 0D 0A 
[0;32mI (10748) UART_APP: Nhan duoc 13 bytes tu STM32: test printf
[0m
74 65 73 74 20 70 72 69 6E 74 66 0D 0A 
[0;32mI (12738) UART_APP: Nhan duoc 13 bytes tu STM32: test printf
[0m
74 65 73 74 20 70 72 69 6E 74 66 0D 0A 
[0;32mI (14728) UART_APP: Nhan duoc 13 bytes tu STM32: test printf
[0m
74 65 73 74 20 70 72 69 6E 74 66 0D 0A 
[0;32mI (16708) UART_APP: Nhan duoc 13 bytes tu STM32: test printf
[0m
74 65 73 74 20 70 72 69 6E 74 66 0D 0A 
[0;32mI (18698) UART_APP: Nhan duoc 13 bytes tu STM32: test printf
[0m
74 65 73 74 20 70 72 69 6E 74 66 0D 0A 
[0;32mI (20688) UART_APP: Nhan duoc 13 bytes tu STM32: test printf
[0m
74 65 73 74 20 70 72 69 6E 74 66 0D 0A 
[0;32mI (22678) UART_APP: Nhan duoc 13 bytes tu STM32: test printf
[0m
74 65 73 74 20 70 72 69 6E 74 66 0D 0A 
[0;32mI (24658) UART_APP: Nhan duoc 13 bytes tu STM32: test printf
[0m
74 65 73 74 20 70 72 69 6E 74 66 0D 0A 
[0;32mI (26648) UART_APP: Nhan duoc 13 bytes tu STM32: test printf
[0m
74 65 73 74 20 70 72 69 6E 74 66 0D 0A 
[0;32mI (28638) UART_APP: Nhan duoc 13 bytes tu STM32: test printf
[0m
74 65 73 74 20 70 72 69 6E 74 66 0D 0A 
[0;32mI (30628) UART_APP: Nhan duoc 13 bytes tu STM32: test printf
[0m
74 65 73 74 20 70 72 69 6E 74 66 0D 0A 
[0;32mI (32608) UART_APP: Nhan duoc 13 bytes tu STM32: test printf
[0m
74 65 73 74 20 70 72 69 6E 74 66 0D 0A 
[0;32mI (34598) UART_APP: Nhan duoc 13 bytes tu STM32: test printf
[0m
74 65 73 74 20 70 72 69 6E 74 66 0D 0A 
[0;32mI (36588) UART_APP: Nhan duoc 13 bytes tu STM32: test printf
[0m
74 65 73 74 20 70 72 69 6E 74 66 0D 0A 
[0;32mI (38568) UART_APP: Nhan duoc 13 bytes tu STM32: test printf
[0m
74 65 73 74 20 70 72 69 6E 74 66 0D 0A 
[0;32mI (40558) UART_APP: Nhan duoc 13 bytes tu STM32: test printf
[0m
74 65 73 74 20 70 72 69 6E 74 66 0D 0A 
[0;32mI (42548) UART_APP: Nhan duoc 13 bytes tu STM32: test printf
[0m
74 65 73 74 20 70 72 69 6E 74 66 0D 0A 
[0;32mI (44538) UART_APP: Nhan duoc 13 bytes tu STM32: test printf
[0m
74 65 73 74 20 70 72 69 6E 74 66 0D 0A 
[0;32mI (46528) UART_APP: Nhan duoc 13 bytes tu STM32: test printf
[0m
74 65 73 74 20 70 72 69 6E 74 66 0D 0A 
[0;32mI (48508) UART_APP: Nhan duoc 13 bytes tu STM32: test printf
[0m
74 65 73 74 20 70 72 69 6E 74 66 0D 0A 
[0;32mI (50498) UART_APP: Nhan duoc 13 bytes tu STM32: test printf
[0m
74 65 73 74 20 70 72 69 6E 74 66 0D 0A 
[0;32mI (52488) UART_APP: Nhan duoc 13 bytes tu STM32: test printf
[0m
74 65 73 74 20 70 72 69 6E 74 66 0D 0A 
[0;32mI (54478) UART_APP: Nhan duoc 13 bytes tu STM32: test printf
[0m
74 65 73 74 20 70 72 69 6E 74 66 0D 0A 
[0;32mI (56458) UART_APP: Nhan duoc 13 bytes tu STM32: test printf
[0m
74 65 73 74 20 70 72 69 6E 74 66 0D 0A 
[0;32mI (58448) UART_APP: Nhan duoc 13 bytes tu STM32: test printf
[0m
74 65 73 74 20 70 72 69 6E 74 66 0D 0A 
[0;32mI (60438) UART_APP: Nhan duoc 13 bytes tu STM32: test printf
[0m
74 65 73 74 20 70 72 69 6E 74 66 0D 0A 
[0;32mI (62428) UART_APP: Nhan duoc 13 bytes tu STM32: test printf
[0m
74 65 73 74 20 70 72 69 6E 74 66 0D 0A 
[0;32mI (64408) UART_APP: Nhan duoc 13 bytes tu STM32: test printf
[0m
74 65 73 74 20 70 72 69 6E 74 66 0D 0A 
[0;32mI (66398) UART_APP: Nhan duoc 13 bytes tu STM32: test printf
[0m
74 65 73 74 20 70 72 69 6E 74 66 0D 0A 
[0;32mI (68388) UART_APP: Nhan duoc 13 bytes tu STM32: test printf
[0m
74 65 73 74 20 70 72 69 6E 74 66 0D 0A 
[0;32mI (70368) UART_APP: Nhan duoc 13 bytes tu STM32: test printf
[0m
74 65 73 74 20 70 72 69 6E 74 66 0D 0A 
[0;32mI (72358) UART_APP: Nhan duoc 13 bytes tu STM32: test printf
[0m
74 65 73 74 20 70 72 69 6E 74 66 0D 0A 
[0;32mI (74348) UART_APP: Nhan duoc 13 bytes tu STM32: test printf
[0m
74 65 73 74 20 70 72 69 6E 74 66 0D 0A 
[0;32mI (76328) UART_APP: Nhan duoc 13 bytes tu STM32: test printf
[0m
74 65 73 74 20 70 72 69 6E 74 66 0D 0A 
[0;32mI (78318) UART_APP: Nhan duoc 13 bytes tu STM32: test printf
[0m
74 65 73 74 20 70 72 69 6E 74 66 0D 0A 
[0;32mI (80308) UART_APP: Nhan duoc 13 bytes tu STM32: test printf
[0m
74 65 73 74 20 70 72 69 6E 74 66 0D 0A 
[0;32mI (82298) UART_APP: Nhan duoc 13 bytes tu STM32: test printf
[0m
74 65 73 74 20 70 72 69 6E 74 66 0D 0A 
[0;32mI (84278) UART_APP: Nhan duoc 13 bytes tu STM32: test printf
[0m
74 65 73 74 20 70 72 69 6E 74 66 0D 0A 
[0;32mI (86268) UART_APP: Nhan duoc 13 bytes tu STM32: test printf
[0m
74 65 73 74 20 70 72 69 6E 74 66 0D 0A 
[0;32mI (88258) UART_APP: Nhan duoc 13 bytes tu STM32: test printf
[0m
74 65 73 74 20 70 72 69 6E 74 66 0D 0A 
[0;32mI (90248) UART_APP: Nhan duoc 13 bytes tu STM32: test printf
[0m
74 65 73 74 20 70 72 69 6E 74 66 0D 0A 
[0;32mI (92238) UART_APP: Nhan duoc 13 bytes tu STM32: test printf
[0m
74 65 73 74 20 70 72 69 6E 74 66 0D 0A 
[0;32mI (94228) UART_APP: Nhan duoc 13 bytes tu STM32: test printf
[0m
74 65 73 74 20 70 72 69 6E 74 66 0D 0A 
[0;32mI (96218) UART_APP: Nhan duoc 13 bytes tu STM32: test printf
[0m
74 65 73 74 20 70 72 69 6E 74 66 0D 0A 
[0;32mI (98208) UART_APP: Nhan duoc 13 bytes tu STM32: test printf
[0m
74 65 73 74 20 70 72 69 6E 74 66 0D 0A 
[0;32mI (100188) UART_APP: Nhan duoc 13 bytes tu STM32: test printf
[0m
74 65 73 74 20 70 72 69 6E 74 66 0D 0A 
[0;32mI (102178) UART_APP: Nhan duoc 13 bytes tu STM32: test printf
[0m
74 65 73 74 20 70 72 69 6E 74 66 0D 0A 
[0;32mI (104168) UART_APP: Nhan duoc 13 bytes tu STM32: test printf
[0m
74 65 73 74 20 70 72 69 6E 74 66 0D 0A 
[0;32mI (106158) UART_APP: Nhan duoc 13 bytes tu STM32: test printf
[0m
74 65 73 74 20 70 72 69 6E 74 66 0D 0A 
[0;32mI (108148) UART_APP: Nhan duoc 13 bytes tu STM32: test printf
[0m
74 65 73 74 20 70 72 69 6E 74 66 0D 0A 
[0;32mI (110138) UART_APP: Nhan duoc 13 bytes tu STM32: test printf
[0m
74 65 73 74 20 70 72 69 6E 74 66 0D 0A 
[0;32mI (112128) UART_APP: Nhan duoc 13 bytes tu STM32: test printf
[0m
74 65 73 74 20 70 72 69 6E 74 66 0D 0A 
[0;32mI (114108) UART_APP: Nhan duoc 13 bytes tu STM32: test printf
[0m
74 65 73 74 20 70 72 69 6E 74 66 0D 0A 
[0;32mI (116098) UART_APP: Nhan duoc 13 bytes tu STM32: test printf
[0m
74 65 73 74 20 70 72 69 6E 74 66 0D 0A 
[0;32mI (118088) UART_APP: Nhan duoc 13 bytes tu STM32: test printf
[0m
74 65 73 74 20 70 72 69 6E 74 66 0D 0A 
[0;32mI (120078) UART_APP: Nhan duoc 13 bytes tu STM32: test printf
[0m
74 65 73 74 20 70 72 69 6E 74 66 0D 0A 
[0;32mI (122058) UART_APP: Nhan duoc 13 bytes tu STM32: test printf
[0m
74 65 73 74 20 70 72 69 6E 74 66 0D 0A 
[0;32mI (124048) UART_APP: Nhan duoc 13 bytes tu STM32: test printf
[0m
74 65 73 74 20 70 72 69 6E 74 66 0D 0A 
[0;32mI (126038) UART_APP: Nhan duoc 13 bytes tu STM32: test printf
[0m
74 65 73 74 20 70 72 69 6E 74 66 0D 0A 
[0;32mI (128028) UART_APP: Nhan duoc 13 bytes tu STM32: test printf
[0m
74 65 73 74 20 70 72 69 6E 74 66 0D 0A 
[0;32mI (130018) UART_APP: Nhan duoc 13 bytes tu STM32: test printf
[0m
74 65 73 74 20 70 72 69 6E 74 66 0D 0A 
[0;32mI (131998) UART_APP: Nhan duoc 13 bytes tu STM32: test printf
[0m
74 65 73 74 20 70 72 69 6E 74 66 0D 0A 
[0;32mI (133988) UART_APP: Nhan duoc 13 bytes tu STM32: test printf
[0m
74 65 73 74 20 70 72 69 6E 74 66 0D 0A 
[0;32mI (135978) UART_APP: Nhan duoc 13 bytes tu STM32: test printf
[0m
74 65 73 74 20 70 72 69 6E 74 66 0D 0A 
[0;32mI (137968) UART_APP: Nhan duoc 13 bytes tu STM32: test printf
[0m
74 65 73 74 20 70 72 69 6E 74 66 0D 0A 
[0;32mI (139958) UART_APP: Nhan duoc 13 bytes tu STM32: test printf
[0m
74 65 73 74 20 70 72 69 6E 74 66 0D 0A 
[0;32mI (141938) UART_APP: Nhan duoc 13 bytes tu STM32: test printf
[0m
74 65 73 74 20 70 72 69 6E 74 66 0D 0A 
[0;32mI (143928) UART_APP: Nhan duoc 13 bytes tu STM32: test printf
[0m
74 65 73 74 20 70 72 69 6E 74 66 0D 0A 
[0;32mI (145918) UART_APP: Nhan duoc 13 bytes tu STM32: test printf
[0m
74 65 73 74 20 70 72 69 6E 74 66 0D 0A 
[0;32mI (147908) UART_APP: Nhan duoc 13 bytes tu STM32: test printf
[0m
74 65 73 74 20 70 72 69 6E 74 66 0D 0A 
[0;32mI (149898) UART_APP: Nhan duoc 13 bytes tu STM32: test printf
[0m
74 65 73 74 20 70 72 69 6E 74 66 0D 0A 
[0;32mI (151878) UART_APP: Nhan duoc 13 bytes tu STM32: test printf
[0m
74 65 73 74 20 70 72 69 6E 74 66 0D 0A 
[0;32mI (153868) UART_APP: Nhan duoc 13 bytes tu STM32: test printf
[0m
74 65 73 74 20 70 72 69 6E 74 66 0D 0A 
[0;32mI (155858) UART_APP: Nhan duoc 13 bytes tu STM32: test printf
[0m
74 65 73 74 20 70 72 69 6E 74 66 0D 0A 
[0;32mI (157848) UART_APP: Nhan duoc 13 bytes tu STM32: test printf
[0m
74 65 73 74 20 70 72 69 6E 74 66 0D 0A 
[0;32mI (159838) UART_APP: Nhan duoc 13 bytes tu STM32: test printf
[0m
74 65 73 74 20 70 72 69 6E 74 66 0D 0A 
[0;32mI (161828) UART_APP: Nhan duoc 13 bytes tu STM32: test printf
[0m
74 65 73 74 20 70 72 69 6E 74 66 0D 0A 
[0;32mI (163818) UART_APP: Nhan duoc 13 bytes tu STM32: test printf
[0m
74 65 73 74 20 70 72 69 6E 74 66 0D 0A 
[0;32mI (174618) UART_APP: Nhan duoc 49 bytes tu STM32: Checking MPU6050...
MPU6050 who_am_i = 0x68...OK
[0m
43 68 65 63 6B 69 6E 67 20 4D 50 55 36 30 35 30 2E 2E 2E 0A 4D 50 55 36 30 35 30 20 77 68 6F 5F 61 6D 5F 69 20 3D 20 30 78 36 38 2E 2E 2E 4F 4B 0A 
[0;32mI (175048) UART_APP: Nhan duoc 68 bytes tu STM32: LSB_Sensitivity_GYRO: 131.000000, LSB_Sensitivity_ACC: 16384.000000
[0m
4C 53 42 5F 53 65 6E 73 69 74 69 76 69 74 79 5F 47 59 52 4F 3A 20 31 33 31 2E 30 30 30 30 30 30 2C 20 4C 53 42 5F 53 65 6E 73 69 74 69 76 69 74 79 5F 41 43 43 3A 20 31 36 33 38 34 2E 30 30 30 30 30 30 0A 
[0;32mI (175198) UART_APP: Nhan duoc 41 bytes tu STM32: MPU6050 setting is finished
test printf
[0m
4D 50 55 36 30 35 30 20 73 65 74 74 69 6E 67 20 69 73 20 66 69 6E 69 73 68 65 64 0A 74 65 73 74 20 70 72 69 6E 74 66 0D 0A 
[0;32mI (177188) UART_APP: Nhan duoc 13 bytes tu STM32: test printf
[0m
74 65 73 74 20 70 72 69 6E 74 66 0D 0A 
[0;32mI (179178) UART_APP: Nhan duoc 13 bytes tu STM32: test printf
[0m
74 65 73 74 20 70 72 69 6E 74 66 0D 0A 
[0;32mI (181168) UART_APP: Nhan duoc 13 bytes tu STM32: test printf
[0m
74 65 73 74 20 70 72 69 6E 74 66 0D 0A 
[0;32mI (183158) UART_APP: Nhan duoc 13 bytes tu STM32: test printf
[0m
74 65 73 74 20 70 72 69 6E 74 66 0D 0A 
[0;32mI (185138) UART_APP: Nhan duoc 13 bytes tu STM32: test printf
[0m
74 65 73 74 20 70 72 69 6E 74 66 0D 0A 
[0;32mI (187128) UART_APP: Nhan duoc 13 bytes tu STM32: test printf
[0m
74 65 73 74 20 70 72 69 6E 74 66 0D 0A 
[0;32mI (189118) UART_APP: Nhan duoc 13 bytes tu STM32: test printf
[0m
74 65 73 74 20 70 72 69 6E 74 66 0D 0A 
[0;32mI (191108) UART_APP: Nhan duoc 13 bytes tu STM32: test printf
[0m
74 65 73 74 20 70 72 69 6E 74 66 0D 0A 
[0;32mI (193098) UART_APP: Nhan duoc 13 bytes tu STM32: test printf
[0m
74 65 73 74 20 70 72 69 6E 74 66 0D 0A 
[0;32mI (195088) UART_APP: Nhan duoc 13 bytes tu STM32: test printf
[0m
74 65 73 74 20 70 72 69 6E 74 66 0D 0A 
[0;32mI (197078) UART_APP: Nhan duoc 13 bytes tu STM32: test printf
[0m
74 65 73 74 20 70 72 69 6E 74 66 0D 0A 
[0;32mI (199058) UART_APP: Nhan duoc 13 bytes tu STM32: test printf
[0m
74 65 73 74 20 70 72 69 6E 74 66 0D 0A 
[0;32mI (201048) UART_APP: Nhan duoc 13 bytes tu STM32: test printf
[0m
74 65 73 74 20 70 72 69 6E 74 66 0D 0A 
[0;32mI (203038) UART_APP: Nhan duoc 13 bytes tu STM32: test printf
[0m
74 65 73 74 20 70 72 69 6E 74 66 0D 0A 
[0;32mI (205028) UART_APP: Nhan duoc 13 bytes tu STM32: test printf
[0m
74 65 73 74 20 70 72 69 6E 74 66 0D 0A 
[0;32mI (207008) UART_APP: Nhan duoc 13 bytes tu STM32: test printf
[0m
74 65 73 74 20 70 72 69 6E 74 66 0D 0A 
[0;32mI (208998) UART_APP: Nhan duoc 13 bytes tu STM32: test printf
[0m
74 65 73 74 20 70 72 69 6E 74 66 0D 0A 
[0;32mI (210988) UART_APP: Nhan duoc 13 bytes tu STM32: test printf
[0m
74 65 73 74 20 70 72 69 6E 74 66 0D 0A 
[0;32mI (212978) UART_APP: Nhan duoc 13 bytes tu STM32: test printf
[0m
74 65 73 74 20 70 72 69 6E 74 66 0D 0A 
[0;32mI (214968) UART_APP: Nhan duoc 13 bytes tu STM32: test printf
[0m
74 65 73 74 20 70 72 69 6E 74 66 0D 0A 
[0;32mI (216948) UART_APP: Nhan duoc 13 bytes tu STM32: test printf
[0m
74 65 73 74 20 70 72 69 6E 74 66 0D 0A 
[0;32mI (218938) UART_APP: Nhan duoc 13 bytes tu STM32: test printf
[0m
74 65 73 74 20 70 72 69 6E 74 66 0D 0A 
[0;32mI (220928) UART_APP: Nhan duoc 13 bytes tu STM32: test printf
[0m
74 65 73 74 20 70 72 69 6E 74 66 0D 0A 
[0;32mI (222918) UART_APP: Nhan duoc 13 bytes tu STM32: test printf
[0m
74 65 73 74 20 70 72 69 6E 74 66 0D 0A 
[0;32mI (224908) UART_APP: Nhan duoc 13 bytes tu STM32: test printf
[0m
74 65 73 74 20 70 72 69 6E 74 66 0D 0A 
[0;32mI (226898) UART_APP: Nhan duoc 13 bytes tu STM32: test printf
[0m
74 65 73 74 20 70 72 69 6E 74 66 0D 0A 
[0;32mI (228878) UART_APP: Nhan duoc 13 bytes tu STM32: test printf
[0m
74 65 73 74 20 70 72 69 6E 74 66 0D 0A 
[0;32mI (230868) UART_APP: Nhan duoc 13 bytes tu STM32: test printf
[0m
74 65 73 74 20 70 72 69 6E 74 66 0D 0A 
[0;32mI (232858) UART_APP: Nhan duoc 13 bytes tu STM32: test printf
[0m
74 65 73 74 20 70 72 69 6E 74 66 0D 0A 
[0;32mI (234848) UART_APP: Nhan duoc 13 bytes tu STM32: test printf
[0m
74 65 73 74 20 70 72 69 6E 74 66 0D 0A 
[0;32mI (236838) UART_APP: Nhan duoc 13 bytes tu STM32: test printf
[0m
74 65 73 74 20 70 72 69 6E 74 66 0D 0A 
[0;32mI (238828) UART_APP: Nhan duoc 13 bytes tu STM32: test printf
[0m
74 65 73 74 20 70 72 69 6E 74 66 0D 0A 
[0;32mI (240818) UART_APP: Nhan duoc 13 bytes tu STM32: test printf
[0m
74 65 73 74 20 70 72 69 6E 74 66 0D 0A 
[0;32mI (242798) UART_APP: Nhan duoc 13 bytes tu STM32: test printf
[0m
74 65 73 74 20 70 72 69 6E 74 66 0D 0A 
[0;32mI (244788) UART_APP: Nhan duoc 13 bytes tu STM32: test printf
[0m
74 65 73 74 20 70 72 69 6E 74 66 0D 0A 
[0;32mI (246778) UART_APP: Nhan duoc 13 bytes tu STM32: test printf
[0m
74 65 73 74 20 70 72 69 6E 74 66 0D 0A 
[0;32mI (248768) UART_APP: Nhan duoc 13 bytes tu STM32: test printf
[0m
74 65 73 74 20 70 72 69 6E 74 66 0D 0A 
[0;32mI (250758) UART_APP: Nhan duoc 13 bytes tu STM32: test printf
[0m
74 65 73 74 20 70 72 69 6E 74 66 0D 0A 
[0;32mI (252748) UART_APP: Nhan duoc 13 bytes tu STM32: test printf
[0m
74 65 73 74 20 70 72 69 6E 74 66 0D 0A 
[0;32mI (254738) UART_APP: Nhan duoc 13 bytes tu STM32: test printf
[0m
74 65 73 74 20 70 72 69 6E 74 66 0D 0A 
[0;32mI (256728) UART_APP: Nhan duoc 13 bytes tu STM32: test printf
[0m
74 65 73 74 20 70 72 69 6E 74 66 0D 0A 
[0;32mI (258708) UART_APP: Nhan duoc 13 bytes tu STM32: test printf
[0m
74 65 73 74 20 70 72 69 6E 74 66 0D 0A 
[0;32mI (260698) UART_APP: Nhan duoc 13 bytes tu STM32: test printf
[0m
74 65 73 74 20 70 72 69 6E 74 66 0D 0A 
[0;32mI (262688) UART_APP: Nhan duoc 13 bytes tu STM32: test printf
[0m
74 65 73 74 20 70 72 69 6E 74 66 0D 0A 
[0;32mI (264678) UART_APP: Nhan duoc 13 bytes tu STM32: test printf
[0m
74 65 73 74 20 70 72 69 6E 74 66 0D 0A 
[0;32mI (266668) UART_APP: Nhan duoc 13 bytes tu STM32: test printf
[0m
74 65 73 74 20 70 72 69 6E 74 66 0D 0A 
[0;32mI (268658) UART_APP: Nhan duoc 13 bytes tu STM32: test printf
[0m
74 65 73 74 20 70 72 69 6E 74 66 0D 0A 
[0;32mI (270648) UART_APP: Nhan duoc 13 bytes tu STM32: test printf
[0m
74 65 73 74 20 70 72 69 6E 74 66 0D 0A 
[0;32mI (272628) UART_APP: Nhan duoc 13 bytes tu STM32: test printf
[0m
74 65 73 74 20 70 72 69 6E 74 66 0D 0A 
[0;32mI (274618) UART_APP: Nhan duoc 13 bytes tu STM32: test printf
[0m
74 65 73 74 20 70 72 69 6E 74 66 0D 0A 
[0;32mI (276608) UART_APP: Nhan duoc 13 bytes tu STM32: test printf
[0m
74 65 73 74 20 70 72 69 6E 74 66 0D 0A 
[0;32mI (278598) UART_APP: Nhan duoc 13 bytes tu STM32: test printf
[0m
74 65 73 74 20 70 72 69 6E 74 66 0D 0A 
[0;32mI (280588) UART_APP: Nhan duoc 13 bytes tu STM32: test printf
[0m
74 65 73 74 20 70 72 69 6E 74 66 0D 0A 
[0;32mI (282568) UART_APP: Nhan duoc 13 bytes tu STM32: test printf
[0m
74 65 73 74 20 70 72 69 6E 74 66 0D 0A 
[0;32mI (284558) UART_APP: Nhan duoc 13 bytes tu STM32: test printf
[0m
74 65 73 74 20 70 72 69 6E 74 66 0D 0A 
[0;32mI (286548) UART_APP: Nhan duoc 13 bytes tu STM32: test printf
[0m
74 65 73 74 20 70 72 69 6E 74 66 0D 0A 
[0;32mI (288538) UART_APP: Nhan duoc 13 bytes tu STM32: test printf
[0m
74 65 73 74 20 70 72 69 6E 74 66 0D 0A 
[0;32mI (290518) UART_APP: Nhan duoc 13 bytes tu STM32: test printf
[0m
74 65 73 74 20 70 72 69 6E 74 66 0D 0A 
[0;32mI (292508) UART_APP: Nhan duoc 13 bytes tu STM32: test printf
[0m
74 65 73 74 20 70 72 69 6E 74 66 0D 0A 
[0;32mI (294498) UART_APP: Nhan duoc 13 bytes tu STM32: test printf
[0m
74 65 73 74 20 70 72 69 6E 74 66 0D 0A 
[0;32mI (296488) UART_APP: Nhan duoc 13 bytes tu STM32: test printf
[0m
74 65 73 74 20 70 72 69 6E 74 66 0D 0A 
[0;32mI (298468) UART_APP: Nhan duoc 13 bytes tu STM32: test printf
[0m
74 65 73 74 20 70 72 69 6E 74 66 0D 0A 
[0;32mI (300458) UART_APP: Nhan duoc 13 bytes tu STM32: test printf
[0m
74 65 73 74 20 70 72 69 6E 74 66 0D 0A 
[0;32mI (302448) UART_APP: Nhan duoc 13 bytes tu STM32: test printf
[0m
74 65 73 74 20 70 72 69 6E 74 66 0D 0A 
[0;32mI (304428) UART_APP: Nhan duoc 13 bytes tu STM32: test printf
[0m
74 65 73 74 20 70 72 69 6E 74 66 0D 0A 
[0;32mI (306418) UART_APP: Nhan duoc 13 bytes tu STM32: test printf
[0m
74 65 73 74 20 70 72 69 6E 74 66 0D 0A 
[0;32mI (308408) UART_APP: Nhan duoc 13 bytes tu STM32: test printf
[0m
74 65 73 74 20 70 72 69 6E 74 66 0D 0A 
[0;32mI (310398) UART_APP: Nhan duoc 13 bytes tu STM32: test printf
[0m
74 65 73 74 20 70 72 69 6E 74 66 0D 0A 
[0;32mI (312388) UART_APP: Nhan duoc 13 bytes tu STM32: test printf
[0m
74 65 73 74 20 70 72 69 6E 74 66 0D 0A 
[0;32mI (314368) UART_APP: Nhan duoc 13 bytes tu STM32: test printf
[0m
74 65 73 74 20 70 72 69 6E 74 66 0D 0A 
[0;32mI (316358) UART_APP: Nhan duoc 13 bytes tu STM32: test printf
[0m
74 65 73 74 20 70 72 69 6E 74 66 0D 0A 
[0;32mI (318348) UART_APP: Nhan duoc 13 bytes tu STM32: test printf
[0m
74 65 73 74 20 70 72 69 6E 74 66 0D 0A 
[0;32mI (320338) UART_APP: Nhan duoc 13 bytes tu STM32: test printf
[0m
74 65 73 74 20 70 72 69 6E 74 66 0D 0A 
[0;32mI (322318) UART_APP: Nhan duoc 13 bytes tu STM32: test printf
[0m
74 65 73 74 20 70 72 69 6E 74 66 0D 0A 
[0;32mI (324308) UART_APP: Nhan duoc 13 bytes tu STM32: test printf
[0m
74 65 73 74 20 70 72 69 6E 74 66 0D 0A 
[0;32mI (326298) UART_APP: Nhan duoc 13 bytes tu STM32: test printf
[0m
74 65 73 74 20 70 72 69 6E 74 66 0D 0A 
[0;32mI (328288) UART_APP: Nhan duoc 13 bytes tu STM32: test printf
[0m
74 65 73 74 20 70 72 69 6E 74 66 0D 0A 
[0;32mI (330278) UART_APP: Nhan duoc 13 bytes tu STM32: test printf
[0m
74 65 73 74 20 70 72 69 6E 74 66 0D 0A 
[0;32mI (332258) UART_APP: Nhan duoc 13 bytes tu STM32: test printf
[0m
74 65 73 74 20 70 72 69 6E 74 66 0D 0A 
[0;32mI (334248) UART_APP: Nhan duoc 13 bytes tu STM32: test printf
[0m
74 65 73 74 20 70 72 69 6E 74 66 0D 0A 
[0;32mI (336238) UART_APP: Nhan duoc 13 bytes tu STM32: test printf
[0m
74 65 73 74 20 70 72 69 6E 74 66 0D 0A 
[0;32mI (338228) UART_APP: Nhan duoc 13 bytes tu STM32: test printf
[0m
74 65 73 74 20 70 72 69 6E 74 66 0D 0A 
[0;32mI (340218) UART_APP: Nhan duoc 13 bytes tu STM32: test printf
[0m
74 65 73 74 20 70 72 69 6E 74 66 0D 0A 
[0;32mI (342208) UART_APP: Nhan duoc 13 bytes tu STM32: test printf
[0m
74 65 73 74 20 70 72 69 6E 74 66 0D 0A 
[0;32mI (344198) UART_APP: Nhan duoc 13 bytes tu STM32: test printf
[0m
74 65 73 74 20 70 72 69 6E 74 66 0D 0A 
[0;32mI (346188) UART_APP: Nhan duoc 13 bytes tu STM32: test printf
[0m
74 65 73 74 20 70 72 69 6E 74 66 0D 0A 
[0;32mI (348168) UART_APP: Nhan duoc 13 bytes tu STM32: test printf
[0m
74 65 73 74 20 70 72 69 6E 74 66 0D 0A 
[0;32mI (350158) UART_APP: Nhan duoc 13 bytes tu STM32: test printf
[0m
74 65 73 74 20 70 72 69 6E 74 66 0D 0A 
[0;32mI (352148) UART_APP: Nhan duoc 13 bytes tu STM32: test printf
[0m
74 65 73 74 20 70 72 69 6E 74 66 0D 0A 
[0;32mI (354138) UART_APP: Nhan duoc 13 bytes tu STM32: test printf
[0m
74 65 73 74 20 70 72 69 6E 74 66 0D 0A 
[0;32mI (356128) UART_APP: Nhan duoc 13 bytes tu STM32: test printf
[0m
74 65 73 74 20 70 72 69 6E 74 66 0D 0A 
[0;32mI (358118) UART_APP: Nhan duoc 13 bytes tu STM32: test printf
[0m
74 65 73 74 20 70 72 69 6E 74 66 0D 0A 
[0;32mI (360098) UART_APP: Nhan duoc 13 bytes tu STM32: test printf
[0m
74 65 73 74 20 70 72 69 6E 74 66 0D 0A 
[0;32mI (362088) UART_APP: Nhan duoc 13 bytes tu STM32: test printf
[0m
74 65 73 74 20 70 72 69 6E 74 66 0D 0A 
[0;32mI (364078) UART_APP: Nhan duoc 13 bytes tu STM32: test printf
[0m
74 65 73 74 20 70 72 69 6E 74 66 0D 0A 
[0;32mI (366068) UART_APP: Nhan duoc 13 bytes tu STM32: test printf
[0m
74 65 73 74 20 70 72 69 6E 74 66 0D 0A 
[0;32mI (368058) UART_APP: Nhan duoc 13 bytes tu STM32: test printf
[0m
74 65 73 74 20 70 72 69 6E 74 66 0D 0A 
[0;32mI (370048) UART_APP: Nhan duoc 13 bytes tu STM32: test printf
[0m
74 65 73 74 20 70 72 69 6E 74 66 0D 0A 
[0;32mI (372038) UART_APP: Nhan duoc 13 bytes tu STM32: test printf
[0m
74 65 73 74 20 70 72 69 6E 74 66 0D 0A 
[0;32mI (374028) UART_APP: Nhan duoc 13 bytes tu STM32: test printf
[0m
74 65 73 74 20 70 72 69 6E 74 66 0D 0A 
[0;32mI (376018) UART_APP: Nhan duoc 13 bytes tu STM32: test printf
[0m
74 65 73 74 20 70 72 69 6E 74 66 0D 0A 
[0;32mI (377998) UART_APP: Nhan duoc 13 bytes tu STM32: test printf
[0m
74 65 73 74 20 70 72 69 6E 74 66 0D 0A 
[0;32mI (379988) UART_APP: Nhan duoc 13 bytes tu STM32: test printf
[0m
74 65 73 74 20 70 72 69 6E 74 66 0D 0A 
[0;32mI (381978) UART_APP: Nhan duoc 13 bytes tu STM32: test printf
[0m
74 65 73 74 20 70 72 69 6E 74 66 0D 0A 
[0;32mI (383968) UART_APP: Nhan duoc 13 bytes tu STM32: test printf
[0m
74 65 73 74 20 70 72 69 6E 74 66 0D 0A 
[0;32mI (385958) UART_APP: Nhan duoc 13 bytes tu STM32: test printf
[0m
74 65 73 74 20 70 72 69 6E 74 66 0D 0A 
[0;32mI (387948) UART_APP: Nhan duoc 13 bytes tu STM32: test printf
[0m
74 65 73 74 20 70 72 69 6E 74 66 0D 0A 
[0;32mI (389938) UART_APP: Nhan duoc 13 bytes tu STM32: test printf
[0m
74 65 73 74 20 70 72 69 6E 74 66 0D 0A 
[0;32mI (391928) UART_APP: Nhan duoc 13 bytes tu STM32: test printf
[0m
74 65 73 74 20 70 72 69 6E 74 66 0D 0A 
[0;32mI (393918) UART_APP: Nhan duoc 13 bytes tu STM32: test printf
[0m
74 65 73 74 20 70 72 69 6E 74 66 0D 0A 
[0;32mI (395898) UART_APP: Nhan duoc 13 bytes tu STM32: test printf
[0m
74 65 73 74 20 70 72 69 6E 74 66 0D 0A 
[0;32mI (397888) UART_APP: Nhan duoc 13 bytes tu STM32: test printf
[0m
74 65 73 74 20 70 72 69 6E 74 66 0D 0A 
[0;32mI (399878) UART_APP: Nhan duoc 13 bytes tu STM32: test printf
[0m
74 65 73 74 20 70 72 69 6E 74 66 0D 0A 
[0;32mI (401868) UART_APP: Nhan duoc 13 bytes tu STM32: test printf
[0m
74 65 73 74 20 70 72 69 6E 74 66 0D 0A 
[0;32mI (403858) UART_APP: Nhan duoc 13 bytes tu STM32: test printf
[0m
74 65 73 74 20 70 72 69 6E 74 66 0D 0A 
[0;32mI (405848) UART_APP: Nhan duoc 13 bytes tu STM32: test printf
[0m
74 65 73 74 20 70 72 69 6E 74 66 0D 0A 
[0;32mI (407828) UART_APP: Nhan duoc 13 bytes tu STM32: test printf
[0m
74 65 73 74 20 70 72 69 6E 74 66 0D 0A 
[0;32mI (409818) UART_APP: Nhan duoc 13 bytes tu STM32: test printf
[0m
74 65 73 74 20 70 72 69 6E 74 66 0D 0A 
[0;32mI (411808) UART_APP: Nhan duoc 13 bytes tu STM32: test printf
[0m
74 65 73 74 20 70 72 69 6E 74 66 0D 0A 
[0;32mI (413798) UART_APP: Nhan duoc 13 bytes tu STM32: test printf
[0m
74 65 73 74 20 70 72 69 6E 74 66 0D 0A 
[0;32mI (415788) UART_APP: Nhan duoc 13 bytes tu STM32: test printf
[0m
74 65 73 74 20 70 72 69 6E 74 66 0D 0A 
[0;32mI (417768) UART_APP: Nhan duoc 13 bytes tu STM32: test printf
[0m
74 65 73 74 20 70 72 69 6E 74 66 0D 0A 
[0;32mI (419758) UART_APP: Nhan duoc 13 bytes tu STM32: test printf
[0m
74 65 73 74 20 70 72 69 6E 74 66 0D 0A 
[0;32mI (421748) UART_APP: Nhan duoc 13 bytes tu STM32: test printf
[0m
74 65 73 74 20 70 72 69 6E 74 66 0D 0A 
[0;32mI (423738) UART_APP: Nhan duoc 13 bytes tu STM32: test printf
[0m
74 65 73 74 20 70 72 69 6E 74 66 0D 0A 
[0;32mI (425718) UART_APP: Nhan duoc 13 bytes tu STM32: test printf
[0m
74 65 73 74 20 70 72 69 6E 74 66 0D 0A 
[0;32mI (427708) UART_APP: Nhan duoc 13 bytes tu STM32: test printf
[0m
74 65 73 74 20 70 72 69 6E 74 66 0D 0A 
[0;32mI (429698) UART_APP: Nhan duoc 13 bytes tu STM32: test printf
[0m
74 65 73 74 20 70 72 69 6E 74 66 0D 0A 
[0;32mI (431688) UART_APP: Nhan duoc 13 bytes tu STM32: test printf
[0m
74 65 73 74 20 70 72 69 6E 74 66 0D 0A 
[0;32mI (433678) UART_APP: Nhan duoc 13 bytes tu STM32: test printf
[0m
74 65 73 74 20 70 72 69 6E 74 66 0D 0A 
[0;32mI (435658) UART_APP: Nhan duoc 13 bytes tu STM32: test printf
[0m
74 65 73 74 20 70 72 69 6E 74 66 0D 0A 
[0;32mI (437648) UART_APP: Nhan duoc 13 bytes tu STM32: test printf
[0m
74 65 73 74 20 70 72 69 6E 74 66 0D 0A 
[0;32mI (439658) UART_APP: Nhan duoc 30 bytes tu STM32: -264, -20, 16828
test printf
[0m
2D 32 36 34 2C 20 2D 32 30 2C 20 31 36 38 32 38 0A 74 65 73 74 20 70 72 69 6E 74 66 0D 0A 
[0;32mI (441648) UART_APP: Nhan duoc 13 bytes tu STM32: test printf
[0m
74 65 73 74 20 70 72 69 6E 74 66 0D 0A 
[0;32mI (443638) UART_APP: Nhan duoc 13 bytes tu STM32: test printf
[0m
74 65 73 74 20 70 72 69 6E 74 66 0D 0A 
[0;32mI (445618) UART_APP: Nhan duoc 13 bytes tu STM32: test printf
[0m
74 65 73 74 20 70 72 69 6E 74 66 0D 0A 
[0;32mI (447608) UART_APP: Nhan duoc 13 bytes tu STM32: test printf
[0m
74 65 73 74 20 70 72 69 6E 74 66 0D 0A 
[0;32mI (449598) UART_APP: Nhan duoc 13 bytes tu STM32: test printf
[0m
74 65 73 74 20 70 72 69 6E 74 66 0D 0A 
[0;32mI (451588) UART_APP: Nhan duoc 13 bytes tu STM32: test printf
[0m
74 65 73 74 20 70 72 69 6E 74 66 0D 0A 
[0;32mI (453568) UART_APP: Nhan duoc 13 bytes tu STM32: test printf
[0m
74 65 73 74 20 70 72 69 6E 74 66 0D 0A 
[0;32mI (455558) UART_APP: Nhan duoc 13 bytes tu STM32: test printf
[0m
74 65 73 74 20 70 72 69 6E 74 66 0D 0A 
[0;32mI (457548) UART_APP: Nhan duoc 13 bytes tu STM32: test printf
[0m
74 65 73 74 20 70 72 69 6E 74 66 0D 0A 
[0;32mI (459538) UART_APP: Nhan duoc 13 bytes tu STM32: test printf
[0m
74 65 73 74 20 70 72 69 6E 74 66 0D 0A 
[0;32mI (461518) UART_APP: Nhan duoc 13 bytes tu STM32: test printf
[0m
74 65 73 74 20 70 72 69 6E 74 66 0D 0A 
[0;32mI (463508) UART_APP: Nhan duoc 13 bytes tu STM32: test printf
[0m
74 65 73 74 20 70 72 69 6E 74 66 0D 0A 
[0;32mI (465498) UART_APP: Nhan duoc 13 bytes tu STM32: test printf
[0m
74 65 73 74 20 70 72 69 6E 74 66 0D 0A 
[0;32mI (467488) UART_APP: Nhan duoc 13 bytes tu STM32: test printf
[0m
74 65 73 74 20 70 72 69 6E 74 66 0D 0A 
[0;32mI (469478) UART_APP: Nhan duoc 13 bytes tu STM32: test printf
[0m
74 65 73 74 20 70 72 69 6E 74 66 0D 0A 
[0;32mI (471458) UART_APP: Nhan duoc 13 bytes tu STM32: test printf
[0m
74 65 73 74 20 70 72 69 6E 74 66 0D 0A 
[0;32mI (473448) UART_APP: Nhan duoc 13 bytes tu STM32: test printf
[0m
74 65 73 74 20 70 72 69 6E 74 66 0D 0A 
[0;32mI (475438) UART_APP: Nhan duoc 13 bytes tu STM32: test printf
[0m
74 65 73 74 20 70 72 69 6E 74 66 0D 0A 
[0;32mI (477428) UART_APP: Nhan duoc 13 bytes tu STM32: test printf
[0m
74 65 73 74 20 70 72 69 6E 74 66 0D 0A 
[0;32mI (479418) UART_APP: Nhan duoc 13 bytes tu STM32: test printf
[0m
74 65 73 74 20 70 72 69 6E 74 66 0D 0A 
[0;32mI (481408) UART_APP: Nhan duoc 13 bytes tu STM32: test printf
[0m
74 65 73 74 20 70 72 69 6E 74 66 0D 0A 
[0;32mI (483388) UART_APP: Nhan duoc 13 bytes tu STM32: test printf
[0m
74 65 73 74 20 70 72 69 6E 74 66 0D 0A 
[0;32mI (485378) UART_APP: Nhan duoc 13 bytes tu STM32: test printf
[0m
74 65 73 74 20 70 72 69 6E 74 66 0D 0A 
[0;32mI (487368) UART_APP: Nhan duoc 13 bytes tu STM32: test printf
[0m
74 65 73 74 20 70 72 69 6E 74 66 0D 0A 
[0;32mI (489358) UART_APP: Nhan duoc 13 bytes tu STM32: test printf
[0m
74 65 73 74 20 70 72 69 6E 74 66 0D 0A 
[0;32mI (491348) UART_APP: Nhan duoc 13 bytes tu STM32: test printf
[0m
74 65 73 74 20 70 72 69 6E 74 66 0D 0A 
[0;32mI (493328) UART_APP: Nhan duoc 13 bytes tu STM32: test printf
[0m
74 65 73 74 20 70 72 69 6E 74 66 0D 0A 
[0;32mI (495318) UART_APP: Nhan duoc 13 bytes tu STM32: test printf
[0m
74 65 73 74 20 70 72 69 6E 74 66 0D 0A 
[0;32mI (497308) UART_APP: Nhan duoc 13 bytes tu STM32: test printf
[0m
74 65 73 74 20 70 72 69 6E 74 66 0D 0A 
[0;32mI (499298) UART_APP: Nhan duoc 13 bytes tu STM32: test printf
[0m
74 65 73 74 20 70 72 69 6E 74 66 0D 0A 
[0;32mI (501288) UART_APP: Nhan duoc 13 bytes tu STM32: test printf
[0m
74 65 73 74 20 70 72 69 6E 74 66 0D 0A 
[0;32mI (503268) UART_APP: Nhan duoc 13 bytes tu STM32: test printf
[0m
74 65 73 74 20 70 72 69 6E 74 66 0D 0A 
[0;32mI (505258) UART_APP: Nhan duoc 13 bytes tu STM32: test printf
[0m
74 65 73 74 20 70 72 69 6E 74 66 0D 0A 
[0;32mI (507248) UART_APP: Nhan duoc 13 bytes tu STM32: test printf
[0m
74 65 73 74 20 70 72 69 6E 74 66 0D 0A 
[0;32mI (509238) UART_APP: Nhan duoc 13 bytes tu STM32: test printf
[0m
74 65 73 74 20 70 72 69 6E 74 66 0D 0A 
[0;32mI (511218) UART_APP: Nhan duoc 13 bytes tu STM32: test printf
[0m
74 65 73 74 20 70 72 69 6E 74 66 0D 0A 
[0;32mI (513208) UART_APP: Nhan duoc 13 bytes tu STM32: test printf
[0m
74 65 73 74 20 70 72 69 6E 74 66 0D 0A 
[0;32mI (515198) UART_APP: Nhan duoc 13 bytes tu STM32: test printf
[0m
74 65 73 74 20 70 72 69 6E 74 66 0D 0A 
[0;32mI (517188) UART_APP: Nhan duoc 13 bytes tu STM32: test printf
[0m
74 65 73 74 20 70 72 69 6E 74 66 0D 0A 
[0;32mI (519168) UART_APP: Nhan duoc 13 bytes tu STM32: test printf
[0m
74 65 73 74 20 70 72 69 6E 74 66 0D 0A 
[0;32mI (521158) UART_APP: Nhan duoc 13 bytes tu STM32: test printf
[0m
74 65 73 74 20 70 72 69 6E 74 66 0D 0A 
[0;32mI (523148) UART_APP: Nhan duoc 13 bytes tu STM32: test printf
[0m
74 65 73 74 20 70 72 69 6E 74 66 0D 0A 
[0;32mI (525138) UART_APP: Nhan duoc 13 bytes tu STM32: test printf
[0m
74 65 73 74 20 70 72 69 6E 74 66 0D 0A 
[0;32mI (527118) UART_APP: Nhan duoc 13 bytes tu STM32: test printf
[0m
74 65 73 74 20 70 72 69 6E 74 66 0D 0A 
[0;32mI (529108) UART_APP: Nhan duoc 13 bytes tu STM32: test printf
[0m
74 65 73 74 20 70 72 69 6E 74 66 0D 0A 
[0;32mI (531098) UART_APP: Nhan duoc 13 bytes tu STM32: test printf
[0m
74 65 73 74 20 70 72 69 6E 74 66 0D 0A 
[0;32mI (533088) UART_APP: Nhan duoc 13 bytes tu STM32: test printf
[0m
74 65 73 74 20 70 72 69 6E 74 66 0D 0A 
[0;32mI (535078) UART_APP: Nhan duoc 13 bytes tu STM32: test printf
[0m
74 65 73 74 20 70 72 69 6E 74 66 0D 0A 
[0;32mI (537058) UART_APP: Nhan duoc 13 bytes tu STM32: test printf
[0m
74 65 73 74 20 70 72 69 6E 74 66 0D 0A 
[0;32mI (539048) UART_APP: Nhan duoc 13 bytes tu STM32: test printf
[0m
74 65 73 74 20 70 72 69 6E 74 66 0D 0A 
[0;32mI (541038) UART_APP: Nhan duoc 13 bytes tu STM32: test printf
[0m
74 65 73 74 20 70 72 69 6E 74 66 0D 0A 
[0;32mI (543028) UART_APP: Nhan duoc 13 bytes tu STM32: test printf
[0m
74 65 73 74 20 70 72 69 6E 74 66 0D 0A 
[0;32mI (545018) UART_APP: Nhan duoc 13 bytes tu STM32: test printf
[0m
74 65 73 74 20 70 72 69 6E 74 66 0D 0A 
[0;32mI (546998) UART_APP: Nhan duoc 13 bytes tu STM32: test printf
[0m
74 65 73 74 20 70 72 69 6E 74 66 0D 0A 
[0;32mI (548988) UART_APP: Nhan duoc 13 bytes tu STM32: test printf
[0m
74 65 73 74 20 70 72 69 6E 74 66 0D 0A 
[0;32mI (550978) UART_APP: Nhan duoc 13 bytes tu STM32: test printf
[0m
74 65 73 74 20 70 72 69 6E 74 66 0D 0A 
[0;32mI (552968) UART_APP: Nhan duoc 13 bytes tu STM32: test printf
[0m
74 65 73 74 20 70 72 69 6E 74 66 0D 0A 
[0;32mI (554958) UART_APP: Nhan duoc 13 bytes tu STM32: test printf
[0m
74 65 73 74 20 70 72 69 6E 74 66 0D 0A 
[0;32mI (556938) UART_APP: Nhan duoc 13 bytes tu STM32: test printf
[0m
74 65 73 74 20 70 72 69 6E 74 66 0D 0A 
[0;32mI (558928) UART_APP: Nhan duoc 13 bytes tu STM32: test printf
[0m
74 65 73 74 20 70 72 69 6E 74 66 0D 0A 
[0;32mI (560918) UART_APP: Nhan duoc 13 bytes tu STM32: test printf
[0m
74 65 73 74 20 70 72 69 6E 74 66 0D 0A 
[0;32mI (562908) UART_APP: Nhan duoc 13 bytes tu STM32: test printf
[0m
74 65 73 74 20 70 72 69 6E 74 66 0D 0A 
[0;32mI (564898) UART_APP: Nhan duoc 13 bytes tu STM32: test printf
[0m
74 65 73 74 20 70 72 69 6E 74 66 0D 0A 
[0;32mI (566878) UART_APP: Nhan duoc 13 bytes tu STM32: test printf
[0m
74 65 73 74 20 70 72 69 6E 74 66 0D 0A 
[0;32mI (568868) UART_APP: Nhan duoc 13 bytes tu STM32: test printf
[0m
74 65 73 74 20 70 72 69 6E 74 66 0D 0A 
[0;32mI (570858) UART_APP: Nhan duoc 13 bytes tu STM32: test printf
[0m
74 65 73 74 20 70 72 69 6E 74 66 0D 0A 
[0;32mI (572848) UART_APP: Nhan duoc 13 bytes tu STM32: test printf
[0m
74 65 73 74 20 70 72 69 6E 74 66 0D 0A 
[0;32mI (574838) UART_APP: Nhan duoc 13 bytes tu STM32: test printf
[0m
74 65 73 74 20 70 72 69 6E 74 66 0D 0A 
[0;32mI (576828) UART_APP: Nhan duoc 13 bytes tu STM32: test printf
[0m
74 65 73 74 20 70 72 69 6E 74 66 0D 0A 
[0;32mI (578818) UART_APP: Nhan duoc 13 bytes tu STM32: test printf
[0m
74 65 73 74 20 70 72 69 6E 74 66 0D 0A 
[0;32mI (580808) UART_APP: Nhan duoc 13 bytes tu STM32: test printf
[0m
74 65 73 74 20 70 72 69 6E 74 66 0D 0A 
[0;32mI (582788) UART_APP: Nhan duoc 13 bytes tu STM32: test printf
[0m
74 65 73 74 20 70 72 69 6E 74 66 0D 0A 
[0;32mI (584778) UART_APP: Nhan duoc 13 bytes tu STM32: test printf
[0m
74 65 73 74 20 70 72 69 6E 74 66 0D 0A 
[0;32mI (586768) UART_APP: Nhan duoc 13 bytes tu STM32: test printf
[0m
74 65 73 74 20 70 72 69 6E 74 66 0D 0A 
[0;32mI (588748) UART_APP: Nhan duoc 13 bytes tu STM32: test printf
[0m
74 65 73 74 20 70 72 69 6E 74 66 0D 0A 
[0;32mI (590738) UART_APP: Nhan duoc 13 bytes tu STM32: test printf
[0m
74 65 73 74 20 70 72 69 6E 74 66 0D 0A 
[0;32mI (592728) UART_APP: Nhan duoc 13 bytes tu STM32: test printf
[0m
74 65 73 74 20 70 72 69 6E 74 66 0D 0A 
[0;32mI (594718) UART_APP: Nhan duoc 13 bytes tu STM32: test printf
[0m
74 65 73 74 20 70 72 69 6E 74 66 0D 0A 
[0;32mI (596718) UART_APP: Nhan duoc 29 bytes tu STM32: -276, -4, 16728
test printf
[0m
2D 32 37 36 2C 20 2D 34 2C 20 31 36 37 32 38 0A 74 65 73 74 20 70 72 69 6E 74 66 0D 0A 
[0;32mI (598708) UART_APP: Nhan duoc 13 bytes tu STM32: test printf
[0m
74 65 73 74 20 70 72 69 6E 74 66 0D 0A 
[0;32mI (600698) UART_APP: Nhan duoc 13 bytes tu STM32: test printf
[0m
74 65 73 74 20 70 72 69 6E 74 66 0D 0A 
[0;32mI (602678) UART_APP: Nhan duoc 13 bytes tu STM32: test printf
[0m
74 65 73 74 20 70 72 69 6E 74 66 0D 0A 
[0;32mI (604668) UART_APP: Nhan duoc 13 bytes tu STM32: test printf
[0m
74 65 73 74 20 70 72 69 6E 74 66 0D 0A 
[0;32mI (606658) UART_APP: Nhan duoc 13 bytes tu STM32: test printf
[0m
74 65 73 74 20 70 72 69 6E 74 66 0D 0A 
[0;32mI (608648) UART_APP: Nhan duoc 13 bytes tu STM32: test printf
[0m
74 65 73 74 20 70 72 69 6E 74 66 0D 0A 
[0;32mI (610628) UART_APP: Nhan duoc 13 bytes tu STM32: test printf
[0m
74 65 73 74 20 70 72 69 6E 74 66 0D 0A 
[0;32mI (612618) UART_APP: Nhan duoc 13 bytes tu STM32: test printf
[0m
74 65 73 74 20 70 72 69 6E 74 66 0D 0A 
[0;32mI (614608) UART_APP: Nhan duoc 13 bytes tu STM32: test printf
[0m
74 65 73 74 20 70 72 69 6E 74 66 0D 0A 
[0;32mI (616598) UART_APP: Nhan duoc 13 bytes tu STM32: test printf
[0m
74 65 73 74 20 70 72 69 6E 74 66 0D 0A 
[0;32mI (618588) UART_APP: Nhan duoc 13 bytes tu STM32: test printf
[0m
74 65 73 74 20 70 72 69 6E 74 66 0D 0A 
[0;32mI (620568) UART_APP: Nhan duoc 13 bytes tu STM32: test printf
[0m
74 65 73 74 20 70 72 69 6E 74 66 0D 0A 
[0;32mI (622558) UART_APP: Nhan duoc 13 bytes tu STM32: test printf
[0m
74 65 73 74 20 70 72 69 6E 74 66 0D 0A 
[0;32mI (624548) UART_APP: Nhan duoc 13 bytes tu STM32: test printf
[0m
74 65 73 74 20 70 72 69 6E 74 66 0D 0A 
[0;32mI (626538) UART_APP: Nhan duoc 13 bytes tu STM32: test printf
[0m
74 65 73 74 20 70 72 69 6E 74 66 0D 0A 
[0;32mI (628518) UART_APP: Nhan duoc 13 bytes tu STM32: test printf
[0m
74 65 73 74 20 70 72 69 6E 74 66 0D 0A 
[0;32mI (630508) UART_APP: Nhan duoc 13 bytes tu STM32: test printf
[0m
74 65 73 74 20 70 72 69 6E 74 66 0D 0A 
[0;32mI (632498) UART_APP: Nhan duoc 13 bytes tu STM32: test printf
[0m
74 65 73 74 20 70 72 69 6E 74 66 0D 0A 
[0;32mI (634478) UART_APP: Nhan duoc 13 bytes tu STM32: test printf
[0m
74 65 73 74 20 70 72 69 6E 74 66 0D 0A 
[0;32mI (636468) UART_APP: Nhan duoc 13 bytes tu STM32: test printf
[0m
74 65 73 74 20 70 72 69 6E 74 66 0D 0A 
[0;32mI (638458) UART_APP: Nhan duoc 13 bytes tu STM32: test printf
[0m
74 65 73 74 20 70 72 69 6E 74 66 0D 0A 
[0;32mI (640438) UART_APP: Nhan duoc 13 bytes tu STM32: test printf
[0m
74 65 73 74 20 70 72 69 6E 74 66 0D 0A 
[0;32mI (642428) UART_APP: Nhan duoc 13 bytes tu STM32: test printf
[0m
74 65 73 74 20 70 72 69 6E 74 66 0D 0A 
[0;32mI (644418) UART_APP: Nhan duoc 13 bytes tu STM32: test printf
[0m
74 65 73 74 20 70 72 69 6E 74 66 0D 0A 
[0;32mI (646398) UART_APP: Nhan duoc 13 bytes tu STM32: test printf
[0m
74 65 73 74 20 70 72 69 6E 74 66 0D 0A 
[0;32mI (648388) UART_APP: Nhan duoc 13 bytes tu STM32: test printf
[0m
74 65 73 74 20 70 72 69 6E 74 66 0D 0A 
[0;32mI (650378) UART_APP: Nhan duoc 13 bytes tu STM32: test printf
[0m
74 65 73 74 20 70 72 69 6E 74 66 0D 0A 
[0;32mI (652358) UART_APP: Nhan duoc 13 bytes tu STM32: test printf
[0m
74 65 73 74 20 70 72 69 6E 74 66 0D 0A 
[0;32mI (654348) UART_APP: Nhan duoc 13 bytes tu STM32: test printf
[0m
74 65 73 74 20 70 72 69 6E 74 66 0D 0A 
[0;32mI (656338) UART_APP: Nhan duoc 13 bytes tu STM32: test printf
[0m
74 65 73 74 20 70 72 69 6E 74 66 0D 0A 
[0;32mI (658328) UART_APP: Nhan duoc 13 bytes tu STM32: test printf
[0m
74 65 73 74 20 70 72 69 6E 74 66 0D 0A 
[0;32mI (660308) UART_APP: Nhan duoc 13 bytes tu STM32: test printf
[0m
74 65 73 74 20 70 72 69 6E 74 66 0D 0A 
[0;32mI (662298) UART_APP: Nhan duoc 13 bytes tu STM32: test printf
[0m
74 65 73 74 20 70 72 69 6E 74 66 0D 0A 
[0;32mI (664288) UART_APP: Nhan duoc 13 bytes tu STM32: test printf
[0m
74 65 73 74 20 70 72 69 6E 74 66 0D 0A 
[0;32mI (666278) UART_APP: Nhan duoc 13 bytes tu STM32: test printf
[0m
74 65 73 74 20 70 72 69 6E 74 66 0D 0A 
[0;32mI (668258) UART_APP: Nhan duoc 13 bytes tu STM32: test printf
[0m
74 65 73 74 20 70 72 69 6E 74 66 0D 0A 
[0;32mI (670248) UART_APP: Nhan duoc 13 bytes tu STM32: test printf
[0m
74 65 73 74 20 70 72 69 6E 74 66 0D 0A 
[0;32mI (672238) UART_APP: Nhan duoc 13 bytes tu STM32: test printf
[0m
74 65 73 74 20 70 72 69 6E 74 66 0D 0A 
[0;32mI (674228) UART_APP: Nhan duoc 13 bytes tu STM32: test printf
[0m
74 65 73 74 20 70 72 69 6E 74 66 0D 0A 
[0;32mI (676208) UART_APP: Nhan duoc 13 bytes tu STM32: test printf
[0m
74 65 73 74 20 70 72 69 6E 74 66 0D 0A 
[0;32mI (678198) UART_APP: Nhan duoc 13 bytes tu STM32: test printf
[0m
74 65 73 74 20 70 72 69 6E 74 66 0D 0A 
[0;32mI (680188) UART_APP: Nhan duoc 13 bytes tu STM32: test printf
[0m
74 65 73 74 20 70 72 69 6E 74 66 0D 0A 
[0;32mI (682178) UART_APP: Nhan duoc 13 bytes tu STM32: test printf
[0m
74 65 73 74 20 70 72 69 6E 74 66 0D 0A 
[0;32mI (684168) UART_APP: Nhan duoc 13 bytes tu STM32: test printf
[0m
74 65 73 74 20 70 72 69 6E 74 66 0D 0A 
[0;32mI (686148) UART_APP: Nhan duoc 13 bytes tu STM32: test printf
[0m
74 65 73 74 20 70 72 69 6E 74 66 0D 0A 
[0;32mI (688138) UART_APP: Nhan duoc 13 bytes tu STM32: test printf
[0m
74 65 73 74 20 70 72 69 6E 74 66 0D 0A 
[0;32mI (690128) UART_APP: Nhan duoc 13 bytes tu STM32: test printf
[0m
74 65 73 74 20 70 72 69 6E 74 66 0D 0A 
[0;32mI (692118) UART_APP: Nhan duoc 13 bytes tu STM32: test printf
[0m
74 65 73 74 20 70 72 69 6E 74 66 0D 0A 
[0;32mI (694098) UART_APP: Nhan duoc 13 bytes tu STM32: test printf
[0m
74 65 73 74 20 70 72 69 6E 74 66 0D 0A 
[0;32mI (696088) UART_APP: Nhan duoc 13 bytes tu STM32: test printf
[0m
74 65 73 74 20 70 72 69 6E 74 66 0D 0A 
[0;32mI (698078) UART_APP: Nhan duoc 13 bytes tu STM32: test printf
[0m
74 65 73 74 20 70 72 69 6E 74 66 0D 0A 
[0;32mI (700068) UART_APP: Nhan duoc 13 bytes tu STM32: test printf
[0m
74 65 73 74 20 70 72 69 6E 74 66 0D 0A 
[0;32mI (702058) UART_APP: Nhan duoc 13 bytes tu STM32: test printf
[0m
74 65 73 74 20 70 72 69 6E 74 66 0D 0A 
[0;32mI (704038) UART_APP: Nhan duoc 13 bytes tu STM32: test printf
[0m
74 65 73 74 20 70 72 69 6E 74 66 0D 0A 
[0;32mI (706028) UART_APP: Nhan duoc 13 bytes tu STM32: test printf
[0m
74 65 73 74 20 70 72 69 6E 74 66 0D 0A 
[0;32mI (708018) UART_APP: Nhan duoc 13 bytes tu STM32: test printf
[0m
74 65 73 74 20 70 72 69 6E 74 66 0D 0A 
[0;32mI (710008) UART_APP: Nhan duoc 13 bytes tu STM32: test printf
[0m
74 65 73 74 20 70 72 69 6E 74 66 0D 0A 
[0;32mI (711988) UART_APP: Nhan duoc 13 bytes tu STM32: test printf
[0m
74 65 73 74 20 70 72 69 6E 74 66 0D 0A 
[0;32mI (713978) UART_APP: Nhan duoc 13 bytes tu STM32: test printf
[0m
74 65 73 74 20 70 72 69 6E 74 66 0D 0A 
[0;32mI (715968) UART_APP: Nhan duoc 13 bytes tu STM32: test printf
[0m
74 65 73 74 20 70 72 69 6E 74 66 0D 0A 
[0;32mI (717958) UART_APP: Nhan duoc 13 bytes tu STM32: test printf
[0m
74 65 73 74 20 70 72 69 6E 74 66 0D 0A 
[0;32mI (719938) UART_APP: Nhan duoc 13 bytes tu STM32: test printf
[0m
74 65 73 74 20 70 72 69 6E 74 66 0D 0A 
[0;32mI (721928) UART_APP: Nhan duoc 13 bytes tu STM32: test printf
[0m
74 65 73 74 20 70 72 69 6E 74 66 0D 0A 
[0;32mI (723918) UART_APP: Nhan duoc 13 bytes tu STM32: test printf
[0m
74 65 73 74 20 70 72 69 6E 74 66 0D 0A 
[0;32mI (725908) UART_APP: Nhan duoc 13 bytes tu STM32: test printf
[0m
74 65 73 74 20 70 72 69 6E 74 66 0D 0A 
[0;32mI (727898) UART_APP: Nhan duoc 13 bytes tu STM32: test printf
[0m
74 65 73 74 20 70 72 69 6E 74 66 0D 0A 
[0;32mI (729878) UART_APP: Nhan duoc 13 bytes tu STM32: test printf
[0m
74 65 73 74 20 70 72 69 6E 74 66 0D 0A 
[0;32mI (731868) UART_APP: Nhan duoc 13 bytes tu STM32: test printf
[0m
74 65 73 74 20 70 72 69 6E 74 66 0D 0A 
[0;32mI (733858) UART_APP: Nhan duoc 13 bytes tu STM32: test printf
[0m
74 65 73 74 20 70 72 69 6E 74 66 0D 0A 
[0;32mI (735838) UART_APP: Nhan duoc 13 bytes tu STM32: test printf
[0m
74 65 73 74 20 70 72 69 6E 74 66 0D 0A 
[0;32mI (737828) UART_APP: Nhan duoc 13 bytes tu STM32: test printf
[0m
74 65 73 74 20 70 72 69 6E 74 66 0D 0A 
[0;32mI (739818) UART_APP: Nhan duoc 13 bytes tu STM32: test printf
[0m
74 65 73 74 20 70 72 69 6E 74 66 0D 0A 
[0;32mI (741808) UART_APP: Nhan duoc 13 bytes tu STM32: test printf
[0m
74 65 73 74 20 70 72 69 6E 74 66 0D 0A 
[0;32mI (743788) UART_APP: Nhan duoc 13 bytes tu STM32: test printf
[0m
74 65 73 74 20 70 72 69 6E 74 66 0D 0A 
[0;32mI (745778) UART_APP: Nhan duoc 13 bytes tu STM32: test printf
[0m
74 65 73 74 20 70 72 69 6E 74 66 0D 0A 
[0;32mI (747768) UART_APP: Nhan duoc 13 bytes tu STM32: test printf
[0m
74 65 73 74 20 70 72 69 6E 74 66 0D 0A 
[0;32mI (749758) UART_APP: Nhan duoc 13 bytes tu STM32: test printf
[0m
74 65 73 74 20 70 72 69 6E 74 66 0D 0A 
[0;32mI (751748) UART_APP: Nhan duoc 13 bytes tu STM32: test printf
[0m
74 65 73 74 20 70 72 69 6E 74 66 0D 0A 
[0;32mI (753728) UART_APP: Nhan duoc 13 bytes tu STM32: test printf
[0m
74 65 73 74 20 70 72 69 6E 74 66 0D 0A 
[0;32mI (755718) UART_APP: Nhan duoc 13 bytes tu STM32: test printf
[0m
74 65 73 74 20 70 72 69 6E 74 66 0D 0A 
[0;32mI (757708) UART_APP: Nhan duoc 13 bytes tu STM32: test printf
[0m
74 65 73 74 20 70 72 69 6E 74 66 0D 0A 
[0;32mI (759698) UART_APP: Nhan duoc 13 bytes tu STM32: test printf
[0m
74 65 73 74 20 70 72 69 6E 74 66 0D 0A 
[0;32mI (761678) UART_APP: Nhan duoc 13 bytes tu STM32: test printf
[0m
74 65 73 74 20 70 72 69 6E 74 66 0D 0A 
[0;32mI (763668) UART_APP: Nhan duoc 13 bytes tu STM32: test printf
[0m
74 65 73 74 20 70 72 69 6E 74 66 0D 0A 
[0;32mI (765658) UART_APP: Nhan duoc 13 bytes tu STM32: test printf
[0m
74 65 73 74 20 70 72 69 6E 74 66 0D 0A 
[0;32mI (767638) UART_APP: Nhan duoc 13 bytes tu STM32: test printf
[0m
74 65 73 74 20 70 72 69 6E 74 66 0D 0A 
[0;32mI (769628) UART_APP: Nhan duoc 13 bytes tu STM32: test printf
[0m
74 65 73 74 20 70 72 69 6E 74 66 0D 0A 
[0;32mI (771618) UART_APP: Nhan duoc 13 bytes tu STM32: test printf
[0m
74 65 73 74 20 70 72 69 6E 74 66 0D 0A 
[0;32mI (773608) UART_APP: Nhan duoc 13 bytes tu STM32: test printf
[0m
74 65 73 74 20 70 72 69 6E 74 66 0D 0A 
[0;32mI (775588) UART_APP: Nhan duoc 13 bytes tu STM32: test printf
[0m
74 65 73 74 20 70 72 69 6E 74 66 0D 0A 
[0;32mI (777578) UART_APP: Nhan duoc 13 bytes tu STM32: test printf
[0m
74 65 73 74 20 70 72 69 6E 74 66 0D 0A 
[0;32mI (779568) UART_APP: Nhan duoc 13 bytes tu STM32: test printf
[0m
74 65 73 74 20 70 72 69 6E 74 66 0D 0A 
[0;32mI (781558) UART_APP: Nhan duoc 13 bytes tu STM32: test printf
[0m
74 65 73 74 20 70 72 69 6E 74 66 0D 0A 
[0;32mI (783538) UART_APP: Nhan duoc 13 bytes tu STM32: test printf
[0m
74 65 73 74 20 70 72 69 6E 74 66 0D 0A 
[0;32mI (785528) UART_APP: Nhan duoc 13 bytes tu STM32: test printf
[0m
74 65 73 74 20 70 72 69 6E 74 66 0D 0A 
[0;32mI (787518) UART_APP: Nhan duoc 13 bytes tu STM32: test printf
[0m
74 65 73 74 20 70 72 69 6E 74 66 0D 0A 
[0;32mI (789508) UART_APP: Nhan duoc 13 bytes tu STM32: test printf
[0m
74 65 73 74 20 70 72 69 6E 74 66 0D 0A 
[0;32mI (791498) UART_APP: Nhan duoc 13 bytes tu STM32: test printf
[0m
74 65 73 74 20 70 72 69 6E 74 66 0D 0A 
[0;32mI (793488) UART_APP: Nhan duoc 13 bytes tu STM32: test printf
[0m
74 65 73 74 20 70 72 69 6E 74 66 0D 0A 
[0;32mI (795468) UART_APP: Nhan duoc 13 bytes tu STM32: test printf
[0m
74 65 73 74 20 70 72 69 6E 74 66 0D 0A 
[0;32mI (797458) UART_APP: Nhan duoc 13 bytes tu STM32: test printf
[0m
74 65 73 74 20 70 72 69 6E 74 66 0D 0A 
[0;32mI (799448) UART_APP: Nhan duoc 13 bytes tu STM32: test printf
[0m
74 65 73 74 20 70 72 69 6E 74 66 0D 0A 
[0;32mI (801438) UART_APP: Nhan duoc 13 bytes tu STM32: test printf
[0m
74 65 73 74 20 70 72 69 6E 74 66 0D 0A 
[0;32mI (803418) UART_APP: Nhan duoc 13 bytes tu STM32: test printf
[0m
74 65 73 74 20 70 72 69 6E 74 66 0D 0A 
[0;32mI (805408) UART_APP: Nhan duoc 13 bytes tu STM32: test printf
[0m
74 65 73 74 20 70 72 69 6E 74 66 0D 0A 
[0;32mI (807398) UART_APP: Nhan duoc 13 bytes tu STM32: test printf
[0m
74 65 73 74 20 70 72 69 6E 74 66 0D 0A 
[0;32mI (822378) UART_APP: Nhan duoc 49 bytes tu STM32: Checking MPU6050...
MPU6050 who_am_i = 0x68...OK
[0m
43 68 65 63 6B 69 6E 67 20 4D 50 55 36 30 35 30 2E 2E 2E 0A 4D 50 55 36 30 35 30 20 77 68 6F 5F 61 6D 5F 69 20 3D 20 30 78 36 38 2E 2E 2E 4F 4B 0A 
[0;32mI (822808) UART_APP: Nhan duoc 68 bytes tu STM32: LSB_Sensitivity_GYRO: 131.000000, LSB_Sensitivity_ACC: 16384.000000
[0m
4C 53 42 5F 53 65 6E 73 69 74 69 76 69 74 79 5F 47 59 52 4F 3A 20 31 33 31 2E 30 30 30 30 30 30 2C 20 4C 53 42 5F 53 65 6E 73 69 74 69 76 69 74 79 5F 41 43 43 3A 20 31 36 33 38 34 2E 30 30 30 30 30 30 0A 
[0;32mI (822938) UART_APP: Nhan duoc 28 bytes tu STM32: MPU6050 setting is finished
[0m
4D 50 55 36 30 35 30 20 73 65 74 74 69 6E 67 20 69 73 20 66 69 6E 69 73 68 65 64 0A 
[0;32mI (1074928) UART_APP: Nhan duoc 49 bytes tu STM32: Checking MPU6050...
MPU6050 who_am_i = 0x68...OK
[0m
43 68 65 63 6B 69 6E 67 20 4D 50 55 36 30 35 30 2E 2E 2E 0A 4D 50 55 36 30 35 30 20 77 68 6F 5F 61 6D 5F 69 20 3D 20 30 78 36 38 2E 2E 2E 4F 4B 0A 
[0;32mI (1075358) UART_APP: Nhan duoc 68 bytes tu STM32: LSB_Sensitivity_GYRO: 131.000000, LSB_Sensitivity_ACC: 16384.000000
[0m
4C 53 42 5F 53 65 6E 73 69 74 69 76 69 74 79 5F 47 59 52 4F 3A 20 31 33 31 2E 30 30 30 30 30 30 2C 20 4C 53 42 5F 53 65 6E 73 69 74 69 76 69 74 79 5F 41 43 43 3A 20 31 36 33 38 34 2E 30 30 30 30 30 30 0A 
[0;32mI (1075588) UART_APP: Nhan duoc 120 bytes tu STM32: MPU6050 setting is finished
Accel X:-276, Y:40, Z:16756
Accel X:-112, Y:-40, Z:16816
Accel X:-188, Y:-28, Z:16756
Acc[0m
4D 50 55 36 30 35 30 20 73 65 74 74 69 6E 67 20 69 73 20 66 69 6E 69 73 68 65 64 0A 41 63 63 65 6C 20 58 3A 2D 32 37 36 2C 20 59 3A 34 30 2C 20 5A 3A 31 36 37 35 36 0D 0A 41 63 63 65 6C 20 58 3A 2D 31 31 32 2C 20 59 3A 2D 34 30 2C 20 5A 3A 31 36 38 31 36 0D 0A 41 63 63 65 6C 20 58 3A 2D 31 38 38 2C 20 59 3A 2D 32 38 2C 20 5A 3A 31 36 37 35 36 0D 0A 41 63 63 
[0;32mI (1075728) UART_APP: Nhan duoc 120 bytes tu STM32: el X:-328, Y:20, Z:16924
Accel X:-164, Y:-140, Z:16768
Accel X:-88, Y:-88, Z:16700
Accel X:-192, Y:0, Z:16852
Accel [0m
65 6C 20 58 3A 2D 33 32 38 2C 20 59 3A 32 30 2C 20 5A 3A 31 36 39 32 34 0D 0A 41 63 63 65 6C 20 58 3A 2D 31 36 34 2C 20 59 3A 2D 31 34 30 2C 20 5A 3A 31 36 37 36 38 0D 0A 41 63 63 65 6C 20 58 3A 2D 38 38 2C 20 59 3A 2D 38 38 2C 20 5A 3A 31 36 37 30 30 0D 0A 41 63 63 65 6C 20 58 3A 2D 31 39 32 2C 20 59 3A 30 2C 20 5A 3A 31 36 38 35 32 0D 0A 41 63 63 65 6C 20 
[0;32mI (1075858) UART_APP: Nhan duoc 120 bytes tu STM32: X:-292, Y:-48, Z:16920
Accel X:-312, Y:40, Z:16848
Accel X:-292, Y:-88, Z:16796
Accel X:-300, Y:-36, Z:16696
Accel X[0m
58 3A 2D 32 39 32 2C 20 59 3A 2D 34 38 2C 20 5A 3A 31 36 39 32 30 0D 0A 41 63 63 65 6C 20 58 3A 2D 33 31 32 2C 20 59 3A 34 30 2C 20 5A 3A 31 36 38 34 38 0D 0A 41 63 63 65 6C 20 58 3A 2D 32 39 32 2C 20 59 3A 2D 38 38 2C 20 5A 3A 31 36 37 39 36 0D 0A 41 63 63 65 6C 20 58 3A 2D 33 30 30 2C 20 59 3A 2D 33 36 2C 20 5A 3A 31 36 36 39 36 0D 0A 41 63 63 65 6C 20 58 
[0;32mI (1075998) UART_APP: Nhan duoc 120 bytes tu STM32: :-188, Y:-76, Z:16952
Accel X:-236, Y:56, Z:16684
Accel X:-240, Y:64, Z:16756
Accel X:-268, Y:76, Z:16980
Accel X:-2[0m
3A 2D 31 38 38 2C 20 59 3A 2D 37 36 2C 20 5A 3A 31 36 39 35 32 0D 0A 41 63 63 65 6C 20 58 3A 2D 32 33 36 2C 20 59 3A 35 36 2C 20 5A 3A 31 36 36 38 34 0D 0A 41 63 63 65 6C 20 58 3A 2D 32 34 30 2C 20 59 3A 36 34 2C 20 5A 3A 31 36 37 35 36 0D 0A 41 63 63 65 6C 20 58 3A 2D 32 36 38 2C 20 59 3A 37 36 2C 20 5A 3A 31 36 39 38 30 0D 0A 41 63 63 65 6C 20 58 3A 2D 32 
[0;32mI (1076138) UART_APP: Nhan duoc 120 bytes tu STM32: 68, Y:24, Z:16660
Accel X:-164, Y:12, Z:16592
Accel X:-116, Y:84, Z:16844
Accel X:-188, Y:60, Z:16860
Accel X:-404, [0m
36 38 2C 20 59 3A 32 34 2C 20 5A 3A 31 36 36 36 30 0D 0A 41 63 63 65 6C 20 58 3A 2D 31 36 34 2C 20 59 3A 31 32 2C 20 5A 3A 31 36 35 39 32 0D 0A 41 63 63 65 6C 20 58 3A 2D 31 31 36 2C 20 59 3A 38 34 2C 20 5A 3A 31 36 38 34 34 0D 0A 41 63 63 65 6C 20 58 3A 2D 31 38 38 2C 20 59 3A 36 30 2C 20 5A 3A 31 36 38 36 30 0D 0A 41 63 63 65 6C 20 58 3A 2D 34 30 34 2C 20 
[0;32mI (1076278) UART_APP: Nhan duoc 120 bytes tu STM32: Y:4, Z:16824
Accel X:-256, Y:-32, Z:16924
Accel X:-168, Y:24, Z:16760
Accel X:-272, Y:-24, Z:16780
Accel X:-252, Y:-[0m
59 3A 34 2C 20 5A 3A 31 36 38 32 34 0D 0A 41 63 63 65 6C 20 58 3A 2D 32 35 36 2C 20 59 3A 2D 33 32 2C 20 5A 3A 31 36 39 32 34 0D 0A 41 63 63 65 6C 20 58 3A 2D 31 36 38 2C 20 59 3A 32 34 2C 20 5A 3A 31 36 37 36 30 0D 0A 41 63 63 65 6C 20 58 3A 2D 32 37 32 2C 20 59 3A 2D 32 34 2C 20 5A 3A 31 36 37 38 30 0D 0A 41 63 63 65 6C 20 58 3A 2D 32 35 32 2C 20 59 3A 2D 
[0;32mI (1076408) UART_APP: Nhan duoc 120 bytes tu STM32: 84, Z:16836
Accel X:-160, Y:-16, Z:16916
Accel X:-212, Y:-20, Z:16796
Accel X:-392, Y:-120, Z:16876
Accel X:-340, Y:[0m
38 34 2C 20 5A 3A 31 36 38 33 36 0D 0A 41 63 63 65 6C 20 58 3A 2D 31 36 30 2C 20 59 3A 2D 31 36 2C 20 5A 3A 31 36 39 31 36 0D 0A 41 63 63 65 6C 20 58 3A 2D 32 31 32 2C 20 59 3A 2D 32 30 2C 20 5A 3A 31 36 37 39 36 0D 0A 41 63 63 65 6C 20 58 3A 2D 33 39 32 2C 20 59 3A 2D 31 32 30 2C 20 5A 3A 31 36 38 37 36 0D 0A 41 63 63 65 6C 20 58 3A 2D 33 34 30 2C 20 59 3A 
[0;32mI (1076548) UART_APP: Nhan duoc 120 bytes tu STM32: -12, Z:16844
Accel X:-284, Y:-204, Z:16744
Accel X:-244, Y:48, Z:16764
Accel X:-232, Y:-140, Z:16816
Accel X:-224, Y[0m
2D 31 32 2C 20 5A 3A 31 36 38 34 34 0D 0A 41 63 63 65 6C 20 58 3A 2D 32 38 34 2C 20 59 3A 2D 32 30 34 2C 20 5A 3A 31 36 37 34 34 0D 0A 41 63 63 65 6C 20 58 3A 2D 32 34 34 2C 20 59 3A 34 38 2C 20 5A 3A 31 36 37 36 34 0D 0A 41 63 63 65 6C 20 58 3A 2D 32 33 32 2C 20 59 3A 2D 31 34 30 2C 20 5A 3A 31 36 38 31 36 0D 0A 41 63 63 65 6C 20 58 3A 2D 32 32 34 2C 20 59 
[0;32mI (1076688) UART_APP: Nhan duoc 120 bytes tu STM32: :-76, Z:16908
Accel X:-252, Y:-16, Z:16672
Accel X:-228, Y:28, Z:16752
Accel X:-252, Y:68, Z:16956
Accel X:-204, Y:3[0m
3A 2D 37 36 2C 20 5A 3A 31 36 39 30 38 0D 0A 41 63 63 65 6C 20 58 3A 2D 32 35 32 2C 20 59 3A 2D 31 36 2C 20 5A 3A 31 36 36 37 32 0D 0A 41 63 63 65 6C 20 58 3A 2D 32 32 38 2C 20 59 3A 32 38 2C 20 5A 3A 31 36 37 35 32 0D 0A 41 63 63 65 6C 20 58 3A 2D 32 35 32 2C 20 59 3A 36 38 2C 20 5A 3A 31 36 39 35 36 0D 0A 41 63 63 65 6C 20 58 3A 2D 32 30 34 2C 20 59 3A 33 
[0;32mI (1076828) UART_APP: Nhan duoc 120 bytes tu STM32: 6, Z:16912
Accel X:-248, Y:-148, Z:16856
Accel X:-200, Y:-28, Z:16828
Accel X:-132, Y:8, Z:16928
Accel X:-332, Y:-28[0m
36 2C 20 5A 3A 31 36 39 31 32 0D 0A 41 63 63 65 6C 20 58 3A 2D 32 34 38 2C 20 59 3A 2D 31 34 38 2C 20 5A 3A 31 36 38 35 36 0D 0A 41 63 63 65 6C 20 58 3A 2D 32 30 30 2C 20 59 3A 2D 32 38 2C 20 5A 3A 31 36 38 32 38 0D 0A 41 63 63 65 6C 20 58 3A 2D 31 33 32 2C 20 59 3A 38 2C 20 5A 3A 31 36 39 32 38 0D 0A 41 63 63 65 6C 20 58 3A 2D 33 33 32 2C 20 59 3A 2D 32 38 
[0;32mI (1076958) UART_APP: Nhan duoc 120 bytes tu STM32: , Z:16868
Accel X:-292, Y:-124, Z:16848
Accel X:-168, Y:4, Z:16908
Accel X:-156, Y:-16, Z:16864
Accel X:-288, Y:-8, [0m
2C 20 5A 3A 31 36 38 36 38 0D 0A 41 63 63 65 6C 20 58 3A 2D 32 39 32 2C 20 59 3A 2D 31 32 34 2C 20 5A 3A 31 36 38 34 38 0D 0A 41 63 63 65 6C 20 58 3A 2D 31 36 38 2C 20 59 3A 34 2C 20 5A 3A 31 36 39 30 38 0D 0A 41 63 63 65 6C 20 58 3A 2D 31 35 36 2C 20 59 3A 2D 31 36 2C 20 5A 3A 31 36 38 36 34 0D 0A 41 63 63 65 6C 20 58 3A 2D 32 38 38 2C 20 59 3A 2D 38 2C 20 
[0;32mI (1077098) UART_APP: Nhan duoc 120 bytes tu STM32: Z:16976
Accel X:-260, Y:52, Z:16684
Accel X:-180, Y:-20, Z:16888
Accel X:-204, Y:12, Z:16808
Accel X:-244, Y:-12, Z:[0m
5A 3A 31 36 39 37 36 0D 0A 41 63 63 65 6C 20 58 3A 2D 32 36 30 2C 20 59 3A 35 32 2C 20 5A 3A 31 36 36 38 34 0D 0A 41 63 63 65 6C 20 58 3A 2D 31 38 30 2C 20 59 3A 2D 32 30 2C 20 5A 3A 31 36 38 38 38 0D 0A 41 63 63 65 6C 20 58 3A 2D 32 30 34 2C 20 59 3A 31 32 2C 20 5A 3A 31 36 38 30 38 0D 0A 41 63 63 65 6C 20 58 3A 2D 32 34 34 2C 20 59 3A 2D 31 32 2C 20 5A 3A 
[0;32mI (1077238) UART_APP: Nhan duoc 120 bytes tu STM32: 16720
Accel X:-244, Y:32, Z:16848
Accel X:-208, Y:16, Z:16844
Accel X:-204, Y:-24, Z:16832
Accel X:-112, Y:8, Z:1693[0m
31 36 37 32 30 0D 0A 41 63 63 65 6C 20 58 3A 2D 32 34 34 2C 20 59 3A 33 32 2C 20 5A 3A 31 36 38 34 38 0D 0A 41 63 63 65 6C 20 58 3A 2D 32 30 38 2C 20 59 3A 31 36 2C 20 5A 3A 31 36 38 34 34 0D 0A 41 63 63 65 6C 20 58 3A 2D 32 30 34 2C 20 59 3A 2D 32 34 2C 20 5A 3A 31 36 38 33 32 0D 0A 41 63 63 65 6C 20 58 3A 2D 31 31 32 2C 20 59 3A 38 2C 20 5A 3A 31 36 39 33 
[0;32mI (1077368) UART_APP: Nhan duoc 120 bytes tu STM32: 2
Accel X:-296, Y:-4, Z:16912
Accel X:-256, Y:-8, Z:16972
Accel X:-160, Y:-72, Z:16700
Accel X:-236, Y:-32, Z:16824[0m
32 0D 0A 41 63 63 65 6C 20 58 3A 2D 32 39 36 2C 20 59 3A 2D 34 2C 20 5A 3A 31 36 39 31 32 0D 0A 41 63 63 65 6C 20 58 3A 2D 32 35 36 2C 20 59 3A 2D 38 2C 20 5A 3A 31 36 39 37 32 0D 0A 41 63 63 65 6C 20 58 3A 2D 31 36 30 2C 20 59 3A 2D 37 32 2C 20 5A 3A 31 36 37 30 30 0D 0A 41 63 63 65 6C 20 58 3A 2D 32 33 36 2C 20 59 3A 2D 33 32 2C 20 5A 3A 31 36 38 32 34 0D 
[0;32mI (1077508) UART_APP: Nhan duoc 120 bytes tu STM32: 
Accel X:-256, Y:0, Z:16792
Accel X:-192, Y:-20, Z:16896
Accel X:-328, Y:20, Z:16852
Accel X:-308, Y:-120, Z:16760
A[0m
0A 41 63 63 65 6C 20 58 3A 2D 32 35 36 2C 20 59 3A 30 2C 20 5A 3A 31 36 37 39 32 0D 0A 41 63 63 65 6C 20 58 3A 2D 31 39 32 2C 20 59 3A 2D 32 30 2C 20 5A 3A 31 36 38 39 36 0D 0A 41 63 63 65 6C 20 58 3A 2D 33 32 38 2C 20 59 3A 32 30 2C 20 5A 3A 31 36 38 35 32 0D 0A 41 63 63 65 6C 20 58 3A 2D 33 30 38 2C 20 59 3A 2D 31 32 30 2C 20 5A 3A 31 36 37 36 30 0D 0A 41 
[0;32mI (1077648) UART_APP: Nhan duoc 120 bytes tu STM32: ccel X:-264, Y:8, Z:16840
Accel X:-188, Y:0, Z:16960
Accel X:-352, Y:132, Z:16820
Accel X:-284, Y:-52, Z:16812
Accel[0m
63 63 65 6C 20 58 3A 2D 32 36 34 2C 20 59 3A 38 2C 20 5A 3A 31 36 38 34 30 0D 0A 41 63 63 65 6C 20 58 3A 2D 31 38 38 2C 20 59 3A 30 2C 20 5A 3A 31 36 39 36 30 0D 0A 41 63 63 65 6C 20 58 3A 2D 33 35 32 2C 20 59 3A 31 33 32 2C 20 5A 3A 31 36 38 32 30 0D 0A 41 63 63 65 6C 20 58 3A 2D 32 38 34 2C 20 59 3A 2D 35 32 2C 20 5A 3A 31 36 38 31 32 0D 0A 41 63 63 65 6C 
[0;32mI (1077788) UART_APP: Nhan duoc 120 bytes tu STM32:  X:-240, Y:-60, Z:16888
Accel X:-200, Y:-56, Z:16744
Accel X:-232, Y:-52, Z:16796
Accel X:-164, Y:-80, Z:16600
Accel[0m
20 58 3A 2D 32 34 30 2C 20 59 3A 2D 36 30 2C 20 5A 3A 31 36 38 38 38 0D 0A 41 63 63 65 6C 20 58 3A 2D 32 30 30 2C 20 59 3A 2D 35 36 2C 20 5A 3A 31 36 37 34 34 0D 0A 41 63 63 65 6C 20 58 3A 2D 32 33 32 2C 20 59 3A 2D 35 32 2C 20 5A 3A 31 36 37 39 36 0D 0A 41 63 63 65 6C 20 58 3A 2D 31 36 34 2C 20 59 3A 2D 38 30 2C 20 5A 3A 31 36 36 30 30 0D 0A 41 63 63 65 6C 
[0;32mI (1077918) UART_APP: Nhan duoc 120 bytes tu STM32:  X:-148, Y:-28, Z:16784
Accel X:-268, Y:12, Z:17024
Accel X:-328, Y:-152, Z:16788
Accel X:-192, Y:-52, Z:16904
Accel[0m
20 58 3A 2D 31 34 38 2C 20 59 3A 2D 32 38 2C 20 5A 3A 31 36 37 38 34 0D 0A 41 63 63 65 6C 20 58 3A 2D 32 36 38 2C 20 59 3A 31 32 2C 20 5A 3A 31 37 30 32 34 0D 0A 41 63 63 65 6C 20 58 3A 2D 33 32 38 2C 20 59 3A 2D 31 35 32 2C 20 5A 3A 31 36 37 38 38 0D 0A 41 63 63 65 6C 20 58 3A 2D 31 39 32 2C 20 59 3A 2D 35 32 2C 20 5A 3A 31 36 39 30 34 0D 0A 41 63 63 65 6C 
[0;32mI (1078058) UART_APP: Nhan duoc 120 bytes tu STM32:  X:-284, Y:-56, Z:16756
Accel X:-244, Y:-40, Z:16936
Accel X:-256, Y:-48, Z:16732
Accel X:-276, Y:-52, Z:16800
Accel[0m
20 58 3A 2D 32 38 34 2C 20 59 3A 2D 35 36 2C 20 5A 3A 31 36 37 35 36 0D 0A 41 63 63 65 6C 20 58 3A 2D 32 34 34 2C 20 59 3A 2D 34 30 2C 20 5A 3A 31 36 39 33 36 0D 0A 41 63 63 65 6C 20 58 3A 2D 32 35 36 2C 20 59 3A 2D 34 38 2C 20 5A 3A 31 36 37 33 32 0D 0A 41 63 63 65 6C 20 58 3A 2D 32 37 36 2C 20 59 3A 2D 35 32 2C 20 5A 3A 31 36 38 30 30 0D 0A 41 63 63 65 6C 
[0;32mI (1078198) UART_APP: Nhan duoc 120 bytes tu STM32:  X:-176, Y:24, Z:16692
Accel X:-240, Y:-36, Z:16812
Accel X:-304, Y:-56, Z:16616
Accel X:-200, Y:-48, Z:16908
Accel [0m
20 58 3A 2D 31 37 36 2C 20 59 3A 32 34 2C 20 5A 3A 31 36 36 39 32 0D 0A 41 63 63 65 6C 20 58 3A 2D 32 34 30 2C 20 59 3A 2D 33 36 2C 20 5A 3A 31 36 38 31 32 0D 0A 41 63 63 65 6C 20 58 3A 2D 33 30 34 2C 20 59 3A 2D 35 36 2C 20 5A 3A 31 36 36 31 36 0D 0A 41 63 63 65 6C 20 58 3A 2D 32 30 30 2C 20 59 3A 2D 34 38 2C 20 5A 3A 31 36 39 30 38 0D 0A 41 63 63 65 6C 20 
[0;32mI (1078338) UART_APP: Nhan duoc 120 bytes tu STM32: X:-184, Y:-72, Z:16912
Accel X:-384, Y:36, Z:16756
Accel X:-316, Y:0, Z:16888
Accel X:-176, Y:-20, Z:16736
Accel X:-[0m
58 3A 2D 31 38 34 2C 20 59 3A 2D 37 32 2C 20 5A 3A 31 36 39 31 32 0D 0A 41 63 63 65 6C 20 58 3A 2D 33 38 34 2C 20 59 3A 33 36 2C 20 5A 3A 31 36 37 35 36 0D 0A 41 63 63 65 6C 20 58 3A 2D 33 31 36 2C 20 59 3A 30 2C 20 5A 3A 31 36 38 38 38 0D 0A 41 63 63 65 6C 20 58 3A 2D 31 37 36 2C 20 59 3A 2D 32 30 2C 20 5A 3A 31 36 37 33 36 0D 0A 41 63 63 65 6C 20 58 3A 2D 
[0;32mI (1078468) UART_APP: Nhan duoc 120 bytes tu STM32: 280, Y:-52, Z:16900
Accel X:-236, Y:-40, Z:16852
Accel X:-184, Y:-44, Z:16668
Accel X:-160, Y:0, Z:16740
Accel X:-24[0m
32 38 30 2C 20 59 3A 2D 35 32 2C 20 5A 3A 31 36 39 30 30 0D 0A 41 63 63 65 6C 20 58 3A 2D 32 33 36 2C 20 59 3A 2D 34 30 2C 20 5A 3A 31 36 38 35 32 0D 0A 41 63 63 65 6C 20 58 3A 2D 31 38 34 2C 20 59 3A 2D 34 34 2C 20 5A 3A 31 36 36 36 38 0D 0A 41 63 63 65 6C 20 58 3A 2D 31 36 30 2C 20 59 3A 30 2C 20 5A 3A 31 36 37 34 30 0D 0A 41 63 63 65 6C 20 58 3A 2D 32 34 
[0;32mI (1078608) UART_APP: Nhan duoc 120 bytes tu STM32: 0, Y:-32, Z:16824
Accel X:-100, Y:72, Z:16744
Accel X:-168, Y:-84, Z:16776
Accel X:-192, Y:-8, Z:16852
Accel X:-316,[0m
30 2C 20 59 3A 2D 33 32 2C 20 5A 3A 31 36 38 32 34 0D 0A 41 63 63 65 6C 20 58 3A 2D 31 30 30 2C 20 59 3A 37 32 2C 20 5A 3A 31 36 37 34 34 0D 0A 41 63 63 65 6C 20 58 3A 2D 31 36 38 2C 20 59 3A 2D 38 34 2C 20 5A 3A 31 36 37 37 36 0D 0A 41 63 63 65 6C 20 58 3A 2D 31 39 32 2C 20 59 3A 2D 38 2C 20 5A 3A 31 36 38 35 32 0D 0A 41 63 63 65 6C 20 58 3A 2D 33 31 36 2C 
[0;32mI (1078748) UART_APP: Nhan duoc 120 bytes tu STM32:  Y:52, Z:16788
Accel X:-216, Y:12, Z:16624
Accel X:-188, Y:-8, Z:17020
Accel X:-164, Y:-76, Z:16868
Accel X:-344, Y:[0m
20 59 3A 35 32 2C 20 5A 3A 31 36 37 38 38 0D 0A 41 63 63 65 6C 20 58 3A 2D 32 31 36 2C 20 59 3A 31 32 2C 20 5A 3A 31 36 36 32 34 0D 0A 41 63 63 65 6C 20 58 3A 2D 31 38 38 2C 20 59 3A 2D 38 2C 20 5A 3A 31 37 30 32 30 0D 0A 41 63 63 65 6C 20 58 3A 2D 31 36 34 2C 20 59 3A 2D 37 36 2C 20 5A 3A 31 36 38 36 38 0D 0A 41 63 63 65 6C 20 58 3A 2D 33 34 34 2C 20 59 3A 
[0;32mI (1078888) UART_APP: Nhan duoc 120 bytes tu STM32: -112, Z:16740
Accel X:-312, Y:-120, Z:16748
Accel X:-212, Y:-44, Z:16832
Accel X:-380, Y:16, Z:16840
Accel X:-304, Y[0m
2D 31 31 32 2C 20 5A 3A 31 36 37 34 30 0D 0A 41 63 63 65 6C 20 58 3A 2D 33 31 32 2C 20 59 3A 2D 31 32 30 2C 20 5A 3A 31 36 37 34 38 0D 0A 41 63 63 65 6C 20 58 3A 2D 32 31 32 2C 20 59 3A 2D 34 34 2C 20 5A 3A 31 36 38 33 32 0D 0A 41 63 63 65 6C 20 58 3A 2D 33 38 30 2C 20 59 3A 31 36 2C 20 5A 3A 31 36 38 34 30 0D 0A 41 63 63 65 6C 20 58 3A 2D 33 30 34 2C 20 59 
[0;32mI (1079018) UART_APP: Nhan duoc 120 bytes tu STM32: :-12, Z:16808
Accel X:-284, Y:-84, Z:16744
Accel X:-288, Y:-32, Z:16912
Accel X:-228, Y:-76, Z:16668
Accel X:-228, Y[0m
3A 2D 31 32 2C 20 5A 3A 31 36 38 30 38 0D 0A 41 63 63 65 6C 20 58 3A 2D 32 38 34 2C 20 59 3A 2D 38 34 2C 20 5A 3A 31 36 37 34 34 0D 0A 41 63 63 65 6C 20 58 3A 2D 32 38 38 2C 20 59 3A 2D 33 32 2C 20 5A 3A 31 36 39 31 32 0D 0A 41 63 63 65 6C 20 58 3A 2D 32 32 38 2C 20 59 3A 2D 37 36 2C 20 5A 3A 31 36 36 36 38 0D 0A 41 63 63 65 6C 20 58 3A 2D 32 32 38 2C 20 59 
[0;32mI (1079158) UART_APP: Nhan duoc 120 bytes tu STM32: :-112, Z:16812
Accel X:-176, Y:-36, Z:16872
Accel X:-208, Y:20, Z:16948
Accel X:-348, Y:-36, Z:16736
Accel X:-220, Y[0m
3A 2D 31 31 32 2C 20 5A 3A 31 36 38 31 32 0D 0A 41 63 63 65 6C 20 58 3A 2D 31 37 36 2C 20 59 3A 2D 33 36 2C 20 5A 3A 31 36 38 37 32 0D 0A 41 63 63 65 6C 20 58 3A 2D 32 30 38 2C 20 59 3A 32 30 2C 20 5A 3A 31 36 39 34 38 0D 0A 41 63 63 65 6C 20 58 3A 2D 33 34 38 2C 20 59 3A 2D 33 36 2C 20 5A 3A 31 36 37 33 36 0D 0A 41 63 63 65 6C 20 58 3A 2D 32 32 30 2C 20 59 
[0;32mI (1079298) UART_APP: Nhan duoc 120 bytes tu STM32: :-48, Z:16636
Accel X:-280, Y:12, Z:16852
Accel X:-320, Y:-28, Z:16868
Accel X:-348, Y:-4, Z:16880
Accel X:-316, Y:2[0m
3A 2D 34 38 2C 20 5A 3A 31 36 36 33 36 0D 0A 41 63 63 65 6C 20 58 3A 2D 32 38 30 2C 20 59 3A 31 32 2C 20 5A 3A 31 36 38 35 32 0D 0A 41 63 63 65 6C 20 58 3A 2D 33 32 30 2C 20 59 3A 2D 32 38 2C 20 5A 3A 31 36 38 36 38 0D 0A 41 63 63 65 6C 20 58 3A 2D 33 34 38 2C 20 59 3A 2D 34 2C 20 5A 3A 31 36 38 38 30 0D 0A 41 63 63 65 6C 20 58 3A 2D 33 31 36 2C 20 59 3A 32 
[0;32mI (1079428) UART_APP: Nhan duoc 120 bytes tu STM32: 4, Z:16772
Accel X:-200, Y:4, Z:16840
Accel X:-228, Y:32, Z:16912
Accel X:-160, Y:-124, Z:16964
Accel X:-156, Y:60, [0m
34 2C 20 5A 3A 31 36 37 37 32 0D 0A 41 63 63 65 6C 20 58 3A 2D 32 30 30 2C 20 59 3A 34 2C 20 5A 3A 31 36 38 34 30 0D 0A 41 63 63 65 6C 20 58 3A 2D 32 32 38 2C 20 59 3A 33 32 2C 20 5A 3A 31 36 39 31 32 0D 0A 41 63 63 65 6C 20 58 3A 2D 31 36 30 2C 20 59 3A 2D 31 32 34 2C 20 5A 3A 31 36 39 36 34 0D 0A 41 63 63 65 6C 20 58 3A 2D 31 35 36 2C 20 59 3A 36 30 2C 20 
[0;32mI (1079568) UART_APP: Nhan duoc 120 bytes tu STM32: Z:16788
Accel X:-252, Y:-128, Z:16732
Accel X:-152, Y:8, Z:16764
Accel X:-220, Y:-48, Z:16736
Accel X:-284, Y:-40, Z[0m
5A 3A 31 36 37 38 38 0D 0A 41 63 63 65 6C 20 58 3A 2D 32 35 32 2C 20 59 3A 2D 31 32 38 2C 20 5A 3A 31 36 37 33 32 0D 0A 41 63 63 65 6C 20 58 3A 2D 31 35 32 2C 20 59 3A 38 2C 20 5A 3A 31 36 37 36 34 0D 0A 41 63 63 65 6C 20 58 3A 2D 32 32 30 2C 20 59 3A 2D 34 38 2C 20 5A 3A 31 36 37 33 36 0D 0A 41 63 63 65 6C 20 58 3A 2D 32 38 34 2C 20 59 3A 2D 34 30 2C 20 5A 
[0;32mI (1079708) UART_APP: Nhan duoc 120 bytes tu STM32: :16876
Accel X:-280, Y:-32, Z:16748
Accel X:-132, Y:28, Z:16744
Accel X:-164, Y:-76, Z:16696
Accel X:-264, Y:-20, Z:[0m
3A 31 36 38 37 36 0D 0A 41 63 63 65 6C 20 58 3A 2D 32 38 30 2C 20 59 3A 2D 33 32 2C 20 5A 3A 31 36 37 34 38 0D 0A 41 63 63 65 6C 20 58 3A 2D 31 33 32 2C 20 59 3A 32 38 2C 20 5A 3A 31 36 37 34 34 0D 0A 41 63 63 65 6C 20 58 3A 2D 31 36 34 2C 20 59 3A 2D 37 36 2C 20 5A 3A 31 36 36 39 36 0D 0A 41 63 63 65 6C 20 58 3A 2D 32 36 34 2C 20 59 3A 2D 32 30 2C 20 5A 3A 
[0;32mI (1079848) UART_APP: Nhan duoc 120 bytes tu STM32: 16816
Accel X:-236, Y:-16, Z:16836
Accel X:-168, Y:80, Z:16812
Accel X:-308, Y:-80, Z:16844
Accel X:-292, Y:64, Z:16[0m
31 36 38 31 36 0D 0A 41 63 63 65 6C 20 58 3A 2D 32 33 36 2C 20 59 3A 2D 31 36 2C 20 5A 3A 31 36 38 33 36 0D 0A 41 63 63 65 6C 20 58 3A 2D 31 36 38 2C 20 59 3A 38 30 2C 20 5A 3A 31 36 38 31 32 0D 0A 41 63 63 65 6C 20 58 3A 2D 33 30 38 2C 20 59 3A 2D 38 30 2C 20 5A 3A 31 36 38 34 34 0D 0A 41 63 63 65 6C 20 58 3A 2D 32 39 32 2C 20 59 3A 36 34 2C 20 5A 3A 31 36 
[0;32mI (1079978) UART_APP: Nhan duoc 120 bytes tu STM32: 752
Accel X:-184, Y:56, Z:16928
Accel X:-316, Y:-56, Z:16820
Accel X:-164, Y:-36, Z:16704
Accel X:-352, Y:36, Z:1687[0m
37 35 32 0D 0A 41 63 63 65 6C 20 58 3A 2D 31 38 34 2C 20 59 3A 35 36 2C 20 5A 3A 31 36 39 32 38 0D 0A 41 63 63 65 6C 20 58 3A 2D 33 31 36 2C 20 59 3A 2D 35 36 2C 20 5A 3A 31 36 38 32 30 0D 0A 41 63 63 65 6C 20 58 3A 2D 31 36 34 2C 20 59 3A 2D 33 36 2C 20 5A 3A 31 36 37 30 34 0D 0A 41 63 63 65 6C 20 58 3A 2D 33 35 32 2C 20 59 3A 33 36 2C 20 5A 3A 31 36 38 37 
[0;32mI (1080118) UART_APP: Nhan duoc 120 bytes tu STM32: 6
Accel X:-216, Y:20, Z:16632
Accel X:-236, Y:-92, Z:16780
Accel X:-256, Y:72, Z:17008
Accel X:-248, Y:20, Z:16776
[0m
36 0D 0A 41 63 63 65 6C 20 58 3A 2D 32 31 36 2C 20 59 3A 32 30 2C 20 5A 3A 31 36 36 33 32 0D 0A 41 63 63 65 6C 20 58 3A 2D 32 33 36 2C 20 59 3A 2D 39 32 2C 20 5A 3A 31 36 37 38 30 0D 0A 41 63 63 65 6C 20 58 3A 2D 32 35 36 2C 20 59 3A 37 32 2C 20 5A 3A 31 37 30 30 38 0D 0A 41 63 63 65 6C 20 58 3A 2D 32 34 38 2C 20 59 3A 32 30 2C 20 5A 3A 31 36 37 37 36 0D 0A 
[0;32mI (1080258) UART_APP: Nhan duoc 120 bytes tu STM32: Accel X:-264, Y:4, Z:16812
Accel X:-288, Y:8, Z:16832
Accel X:-120, Y:-64, Z:16812
Accel X:-292, Y:44, Z:16880
Accel[0m
41 63 63 65 6C 20 58 3A 2D 32 36 34 2C 20 59 3A 34 2C 20 5A 3A 31 36 38 31 32 0D 0A 41 63 63 65 6C 20 58 3A 2D 32 38 38 2C 20 59 3A 38 2C 20 5A 3A 31 36 38 33 32 0D 0A 41 63 63 65 6C 20 58 3A 2D 31 32 30 2C 20 59 3A 2D 36 34 2C 20 5A 3A 31 36 38 31 32 0D 0A 41 63 63 65 6C 20 58 3A 2D 32 39 32 2C 20 59 3A 34 34 2C 20 5A 3A 31 36 38 38 30 0D 0A 41 63 63 65 6C 
[0;32mI (1080398) UART_APP: Nhan duoc 120 bytes tu STM32:  X:-224, Y:0, Z:16832
Accel X:-204, Y:-24, Z:16812
Accel X:-336, Y:-56, Z:16720
Accel X:-296, Y:-40, Z:16968
Accel X[0m
20 58 3A 2D 32 32 34 2C 20 59 3A 30 2C 20 5A 3A 31 36 38 33 32 0D 0A 41 63 63 65 6C 20 58 3A 2D 32 30 34 2C 20 59 3A 2D 32 34 2C 20 5A 3A 31 36 38 31 32 0D 0A 41 63 63 65 6C 20 58 3A 2D 33 33 36 2C 20 59 3A 2D 35 36 2C 20 5A 3A 31 36 37 32 30 0D 0A 41 63 63 65 6C 20 58 3A 2D 32 39 36 2C 20 59 3A 2D 34 30 2C 20 5A 3A 31 36 39 36 38 0D 0A 41 63 63 65 6C 20 58 
[0;32mI (1080528) UART_APP: Nhan duoc 120 bytes tu STM32: :-164, Y:12, Z:16788
Accel X:-164, Y:-44, Z:16676
Accel X:-304, Y:-40, Z:16968
Accel X:-216, Y:40, Z:16864
Accel X:-[0m
3A 2D 31 36 34 2C 20 59 3A 31 32 2C 20 5A 3A 31 36 37 38 38 0D 0A 41 63 63 65 6C 20 58 3A 2D 31 36 34 2C 20 59 3A 2D 34 34 2C 20 5A 3A 31 36 36 37 36 0D 0A 41 63 63 65 6C 20 58 3A 2D 33 30 34 2C 20 59 3A 2D 34 30 2C 20 5A 3A 31 36 39 36 38 0D 0A 41 63 63 65 6C 20 58 3A 2D 32 31 36 2C 20 59 3A 34 30 2C 20 5A 3A 31 36 38 36 34 0D 0A 41 63 63 65 6C 20 58 3A 2D 
[0;32mI (1080668) UART_APP: Nhan duoc 120 bytes tu STM32: 188, Y:-76, Z:16796
Accel X:-108, Y:32, Z:16988
Accel X:-232, Y:-88, Z:16868
Accel X:-288, Y:12, Z:16856
Accel X:-23[0m
31 38 38 2C 20 59 3A 2D 37 36 2C 20 5A 3A 31 36 37 39 36 0D 0A 41 63 63 65 6C 20 58 3A 2D 31 30 38 2C 20 59 3A 33 32 2C 20 5A 3A 31 36 39 38 38 0D 0A 41 63 63 65 6C 20 58 3A 2D 32 33 32 2C 20 59 3A 2D 38 38 2C 20 5A 3A 31 36 38 36 38 0D 0A 41 63 63 65 6C 20 58 3A 2D 32 38 38 2C 20 59 3A 31 32 2C 20 5A 3A 31 36 38 35 36 0D 0A 41 63 63 65 6C 20 58 3A 2D 32 33 
[0;32mI (1080808) UART_APP: Nhan duoc 120 bytes tu STM32: 2, Y:-160, Z:16868
Accel X:-236, Y:-12, Z:16744
Accel X:-168, Y:-32, Z:16888
Accel X:-300, Y:-24, Z:16956
Accel X:-8[0m
32 2C 20 59 3A 2D 31 36 30 2C 20 5A 3A 31 36 38 36 38 0D 0A 41 63 63 65 6C 20 58 3A 2D 32 33 36 2C 20 59 3A 2D 31 32 2C 20 5A 3A 31 36 37 34 34 0D 0A 41 63 63 65 6C 20 58 3A 2D 31 36 38 2C 20 59 3A 2D 33 32 2C 20 5A 3A 31 36 38 38 38 0D 0A 41 63 63 65 6C 20 58 3A 2D 33 30 30 2C 20 59 3A 2D 32 34 2C 20 5A 3A 31 36 39 35 36 0D 0A 41 63 63 65 6C 20 58 3A 2D 38 
[0;32mI (1080948) UART_APP: Nhan duoc 120 bytes tu STM32: 8, Y:-8, Z:16756
Accel X:-308, Y:-4, Z:16932
Accel X:-296, Y:24, Z:16744
Accel X:-220, Y:4, Z:16992
Accel X:-276, Y:[0m
38 2C 20 59 3A 2D 38 2C 20 5A 3A 31 36 37 35 36 0D 0A 41 63 63 65 6C 20 58 3A 2D 33 30 38 2C 20 59 3A 2D 34 2C 20 5A 3A 31 36 39 33 32 0D 0A 41 63 63 65 6C 20 58 3A 2D 32 39 36 2C 20 59 3A 32 34 2C 20 5A 3A 31 36 37 34 34 0D 0A 41 63 63 65 6C 20 58 3A 2D 32 32 30 2C 20 59 3A 34 2C 20 5A 3A 31 36 39 39 32 0D 0A 41 63 63 65 6C 20 58 3A 2D 32 37 36 2C 20 59 3A 
[0;32mI (1081078) UART_APP: Nhan duoc 120 bytes tu STM32: 32, Z:16792
Accel X:-212, Y:-36, Z:16824
Accel X:-152, Y:-40, Z:16832
Accel X:-308, Y:-28, Z:16692
Accel X:-196, Y:2[0m
33 32 2C 20 5A 3A 31 36 37 39 32 0D 0A 41 63 63 65 6C 20 58 3A 2D 32 31 32 2C 20 59 3A 2D 33 36 2C 20 5A 3A 31 36 38 32 34 0D 0A 41 63 63 65 6C 20 58 3A 2D 31 35 32 2C 20 59 3A 2D 34 30 2C 20 5A 3A 31 36 38 33 32 0D 0A 41 63 63 65 6C 20 58 3A 2D 33 30 38 2C 20 59 3A 2D 32 38 2C 20 5A 3A 31 36 36 39 32 0D 0A 41 63 63 65 6C 20 58 3A 2D 31 39 36 2C 20 59 3A 32 
[0;32mI (1081218) UART_APP: Nhan duoc 120 bytes tu STM32: 8, Z:16864
Accel X:-276, Y:-24, Z:16808
Accel X:-132, Y:12, Z:16784
Accel X:-300, Y:20, Z:16940
Accel X:-260, Y:-188[0m
38 2C 20 5A 3A 31 36 38 36 34 0D 0A 41 63 63 65 6C 20 58 3A 2D 32 37 36 2C 20 59 3A 2D 32 34 2C 20 5A 3A 31 36 38 30 38 0D 0A 41 63 63 65 6C 20 58 3A 2D 31 33 32 2C 20 59 3A 31 32 2C 20 5A 3A 31 36 37 38 34 0D 0A 41 63 63 65 6C 20 58 3A 2D 33 30 30 2C 20 59 3A 32 30 2C 20 5A 3A 31 36 39 34 30 0D 0A 41 63 63 65 6C 20 58 3A 2D 32 36 30 2C 20 59 3A 2D 31 38 38 
[0;32mI (1081358) UART_APP: Nhan duoc 120 bytes tu STM32: , Z:16808
Accel X:-200, Y:-136, Z:16944
Accel X:-196, Y:-104, Z:16776
Accel X:-176, Y:56, Z:16848
Accel X:-256, Y:-3[0m
2C 20 5A 3A 31 36 38 30 38 0D 0A 41 63 63 65 6C 20 58 3A 2D 32 30 30 2C 20 59 3A 2D 31 33 36 2C 20 5A 3A 31 36 39 34 34 0D 0A 41 63 63 65 6C 20 58 3A 2D 31 39 36 2C 20 59 3A 2D 31 30 34 2C 20 5A 3A 31 36 37 37 36 0D 0A 41 63 63 65 6C 20 58 3A 2D 31 37 36 2C 20 59 3A 35 36 2C 20 5A 3A 31 36 38 34 38 0D 0A 41 63 63 65 6C 20 58 3A 2D 32 35 36 2C 20 59 3A 2D 33 
[0;32mI (1081488) UART_APP: Nhan duoc 120 bytes tu STM32: 6, Z:16788
Accel X:-168, Y:-8, Z:16868
Accel X:-192, Y:-8, Z:16724
Accel X:-228, Y:-28, Z:16900
Accel X:-304, Y:-56,[0m
36 2C 20 5A 3A 31 36 37 38 38 0D 0A 41 63 63 65 6C 20 58 3A 2D 31 36 38 2C 20 59 3A 2D 38 2C 20 5A 3A 31 36 38 36 38 0D 0A 41 63 63 65 6C 20 58 3A 2D 31 39 32 2C 20 59 3A 2D 38 2C 20 5A 3A 31 36 37 32 34 0D 0A 41 63 63 65 6C 20 58 3A 2D 32 32 38 2C 20 59 3A 2D 32 38 2C 20 5A 3A 31 36 39 30 30 0D 0A 41 63 63 65 6C 20 58 3A 2D 33 30 34 2C 20 59 3A 2D 35 36 2C 
[0;32mI (1081628) UART_APP: Nhan duoc 120 bytes tu STM32:  Z:16756
Accel X:-220, Y:4, Z:16972
Accel X:-252, Y:16, Z:16936
Accel X:-136, Y:-12, Z:16780
Accel X:-192, Y:-36, Z:[0m
20 5A 3A 31 36 37 35 36 0D 0A 41 63 63 65 6C 20 58 3A 2D 32 32 30 2C 20 59 3A 34 2C 20 5A 3A 31 36 39 37 32 0D 0A 41 63 63 65 6C 20 58 3A 2D 32 35 32 2C 20 59 3A 31 36 2C 20 5A 3A 31 36 39 33 36 0D 0A 41 63 63 65 6C 20 58 3A 2D 31 33 36 2C 20 59 3A 2D 31 32 2C 20 5A 3A 31 36 37 38 30 0D 0A 41 63 63 65 6C 20 58 3A 2D 31 39 32 2C 20 59 3A 2D 33 36 2C 20 5A 3A 
[0;32mI (1081768) UART_APP: Nhan duoc 120 bytes tu STM32: 16828
Accel X:-304, Y:116, Z:16892
Accel X:-224, Y:-40, Z:16772
Accel X:-136, Y:88, Z:16720
Accel X:-392, Y:48, Z:16[0m
31 36 38 32 38 0D 0A 41 63 63 65 6C 20 58 3A 2D 33 30 34 2C 20 59 3A 31 31 36 2C 20 5A 3A 31 36 38 39 32 0D 0A 41 63 63 65 6C 20 58 3A 2D 32 32 34 2C 20 59 3A 2D 34 30 2C 20 5A 3A 31 36 37 37 32 0D 0A 41 63 63 65 6C 20 58 3A 2D 31 33 36 2C 20 59 3A 38 38 2C 20 5A 3A 31 36 37 32 30 0D 0A 41 63 63 65 6C 20 58 3A 2D 33 39 32 2C 20 59 3A 34 38 2C 20 5A 3A 31 36 
[0;32mI (1081908) UART_APP: Nhan duoc 120 bytes tu STM32: 740
Accel X:-240, Y:48, Z:16948
Accel X:-248, Y:40, Z:16944
Accel X:-192, Y:-40, Z:16912
Accel X:-204, Y:-32, Z:1670[0m
37 34 30 0D 0A 41 63 63 65 6C 20 58 3A 2D 32 34 30 2C 20 59 3A 34 38 2C 20 5A 3A 31 36 39 34 38 0D 0A 41 63 63 65 6C 20 58 3A 2D 32 34 38 2C 20 59 3A 34 30 2C 20 5A 3A 31 36 39 34 34 0D 0A 41 63 63 65 6C 20 58 3A 2D 31 39 32 2C 20 59 3A 2D 34 30 2C 20 5A 3A 31 36 39 31 32 0D 0A 41 63 63 65 6C 20 58 3A 2D 32 30 34 2C 20 59 3A 2D 33 32 2C 20 5A 3A 31 36 37 30 
[0;32mI (1082038) UART_APP: Nhan duoc 120 bytes tu STM32: 4
Accel X:-244, Y:80, Z:16656
Accel X:-104, Y:-52, Z:16648
Accel X:-292, Y:-140, Z:16800
Accel X:-224, Y:-56, Z:1661[0m
34 0D 0A 41 63 63 65 6C 20 58 3A 2D 32 34 34 2C 20 59 3A 38 30 2C 20 5A 3A 31 36 36 35 36 0D 0A 41 63 63 65 6C 20 58 3A 2D 31 30 34 2C 20 59 3A 2D 35 32 2C 20 5A 3A 31 36 36 34 38 0D 0A 41 63 63 65 6C 20 58 3A 2D 32 39 32 2C 20 59 3A 2D 31 34 30 2C 20 5A 3A 31 36 38 30 30 0D 0A 41 63 63 65 6C 20 58 3A 2D 32 32 34 2C 20 59 3A 2D 35 36 2C 20 5A 3A 31 36 36 31 
[0;32mI (1082178) UART_APP: Nhan duoc 120 bytes tu STM32: 2
Accel X:-176, Y:-104, Z:16740
Accel X:-224, Y:36, Z:16900
Accel X:-292, Y:-104, Z:16868
Accel X:-348, Y:36, Z:1669[0m
32 0D 0A 41 63 63 65 6C 20 58 3A 2D 31 37 36 2C 20 59 3A 2D 31 30 34 2C 20 5A 3A 31 36 37 34 30 0D 0A 41 63 63 65 6C 20 58 3A 2D 32 32 34 2C 20 59 3A 33 36 2C 20 5A 3A 31 36 39 30 30 0D 0A 41 63 63 65 6C 20 58 3A 2D 32 39 32 2C 20 59 3A 2D 31 30 34 2C 20 5A 3A 31 36 38 36 38 0D 0A 41 63 63 65 6C 20 58 3A 2D 33 34 38 2C 20 59 3A 33 36 2C 20 5A 3A 31 36 36 39 
[0;32mI (1082318) UART_APP: Nhan duoc 120 bytes tu STM32: 6
Accel X:-316, Y:-88, Z:17012
Accel X:-296, Y:8, Z:16824
Accel X:-280, Y:-24, Z:16856
Accel X:-172, Y:84, Z:16888
[0m
36 0D 0A 41 63 63 65 6C 20 58 3A 2D 33 31 36 2C 20 59 3A 2D 38 38 2C 20 5A 3A 31 37 30 31 32 0D 0A 41 63 63 65 6C 20 58 3A 2D 32 39 36 2C 20 59 3A 38 2C 20 5A 3A 31 36 38 32 34 0D 0A 41 63 63 65 6C 20 58 3A 2D 32 38 30 2C 20 59 3A 2D 32 34 2C 20 5A 3A 31 36 38 35 36 0D 0A 41 63 63 65 6C 20 58 3A 2D 31 37 32 2C 20 59 3A 38 34 2C 20 5A 3A 31 36 38 38 38 0D 0A 
[0;32mI (1082458) UART_APP: Nhan duoc 120 bytes tu STM32: Accel X:-364, Y:36, Z:16776
Accel X:-300, Y:-72, Z:16920
Accel X:-192, Y:20, Z:16700
Accel X:-220, Y:-124, Z:16820
A[0m
41 63 63 65 6C 20 58 3A 2D 33 36 34 2C 20 59 3A 33 36 2C 20 5A 3A 31 36 37 37 36 0D 0A 41 63 63 65 6C 20 58 3A 2D 33 30 30 2C 20 59 3A 2D 37 32 2C 20 5A 3A 31 36 39 32 30 0D 0A 41 63 63 65 6C 20 58 3A 2D 31 39 32 2C 20 59 3A 32 30 2C 20 5A 3A 31 36 37 30 30 0D 0A 41 63 63 65 6C 20 58 3A 2D 32 32 30 2C 20 59 3A 2D 31 32 34 2C 20 5A 3A 31 36 38 32 30 0D 0A 41 
[0;32mI (1082588) UART_APP: Nhan duoc 120 bytes tu STM32: ccel X:-256, Y:16, Z:16944
Accel X:-244, Y:-92, Z:16708
Accel X:-224, Y:-60, Z:16840
Accel X:-304, Y:36, Z:16896
Acc[0m
63 63 65 6C 20 58 3A 2D 32 35 36 2C 20 59 3A 31 36 2C 20 5A 3A 31 36 39 34 34 0D 0A 41 63 63 65 6C 20 58 3A 2D 32 34 34 2C 20 59 3A 2D 39 32 2C 20 5A 3A 31 36 37 30 38 0D 0A 41 63 63 65 6C 20 58 3A 2D 32 32 34 2C 20 59 3A 2D 36 30 2C 20 5A 3A 31 36 38 34 30 0D 0A 41 63 63 65 6C 20 58 3A 2D 33 30 34 2C 20 59 3A 33 36 2C 20 5A 3A 31 36 38 39 36 0D 0A 41 63 63 
[0;32mI (1082728) UART_APP: Nhan duoc 120 bytes tu STM32: el X:-132, Y:-32, Z:16852
Accel X:-436, Y:-56, Z:17056
Accel X:-248, Y:-68, Z:16712
Accel X:-96, Y:12, Z:16804
Accel[0m
65 6C 20 58 3A 2D 31 33 32 2C 20 59 3A 2D 33 32 2C 20 5A 3A 31 36 38 35 32 0D 0A 41 63 63 65 6C 20 58 3A 2D 34 33 36 2C 20 59 3A 2D 35 36 2C 20 5A 3A 31 37 30 35 36 0D 0A 41 63 63 65 6C 20 58 3A 2D 32 34 38 2C 20 59 3A 2D 36 38 2C 20 5A 3A 31 36 37 31 32 0D 0A 41 63 63 65 6C 20 58 3A 2D 39 36 2C 20 59 3A 31 32 2C 20 5A 3A 31 36 38 30 34 0D 0A 41 63 63 65 6C 
[0;32mI (1082868) UART_APP: Nhan duoc 120 bytes tu STM32:  X:-304, Y:-76, Z:16668
Accel X:-288, Y:-40, Z:16792
Accel X:-260, Y:4, Z:16884
Accel X:-232, Y:44, Z:16684
Accel X:[0m
20 58 3A 2D 33 30 34 2C 20 59 3A 2D 37 36 2C 20 5A 3A 31 36 36 36 38 0D 0A 41 63 63 65 6C 20 58 3A 2D 32 38 38 2C 20 59 3A 2D 34 30 2C 20 5A 3A 31 36 37 39 32 0D 0A 41 63 63 65 6C 20 58 3A 2D 32 36 30 2C 20 59 3A 34 2C 20 5A 3A 31 36 38 38 34 0D 0A 41 63 63 65 6C 20 58 3A 2D 32 33 32 2C 20 59 3A 34 34 2C 20 5A 3A 31 36 36 38 34 0D 0A 41 63 63 65 6C 20 58 3A 
[0;32mI (1082998) UART_APP: Nhan duoc 120 bytes tu STM32: -320, Y:-140, Z:16812
Accel X:-192, Y:-28, Z:16832
Accel X:-244, Y:44, Z:16760
Accel X:-212, Y:40, Z:16804
Accel X:-[0m
2D 33 32 30 2C 20 59 3A 2D 31 34 30 2C 20 5A 3A 31 36 38 31 32 0D 0A 41 63 63 65 6C 20 58 3A 2D 31 39 32 2C 20 59 3A 2D 32 38 2C 20 5A 3A 31 36 38 33 32 0D 0A 41 63 63 65 6C 20 58 3A 2D 32 34 34 2C 20 59 3A 34 34 2C 20 5A 3A 31 36 37 36 30 0D 0A 41 63 63 65 6C 20 58 3A 2D 32 31 32 2C 20 59 3A 34 30 2C 20 5A 3A 31 36 38 30 34 0D 0A 41 63 63 65 6C 20 58 3A 2D 
[0;32mI (1083138) UART_APP: Nhan duoc 120 bytes tu STM32: 180, Y:-100, Z:16688
Accel X:-152, Y:60, Z:16756
Accel X:-288, Y:116, Z:16980
Accel X:-300, Y:-84, Z:16832
Accel X:-[0m
31 38 30 2C 20 59 3A 2D 31 30 30 2C 20 5A 3A 31 36 36 38 38 0D 0A 41 63 63 65 6C 20 58 3A 2D 31 35 32 2C 20 59 3A 36 30 2C 20 5A 3A 31 36 37 35 36 0D 0A 41 63 63 65 6C 20 58 3A 2D 32 38 38 2C 20 59 3A 31 31 36 2C 20 5A 3A 31 36 39 38 30 0D 0A 41 63 63 65 6C 20 58 3A 2D 33 30 30 2C 20 59 3A 2D 38 34 2C 20 5A 3A 31 36 38 33 32 0D 0A 41 63 63 65 6C 20 58 3A 2D 
[0;32mI (1083278) UART_APP: Nhan duoc 120 bytes tu STM32: 188, Y:-16, Z:16780
Accel X:-300, Y:-104, Z:16736
Accel X:-264, Y:-48, Z:16820
Accel X:-188, Y:-100, Z:16888
Accel X[0m
31 38 38 2C 20 59 3A 2D 31 36 2C 20 5A 3A 31 36 37 38 30 0D 0A 41 63 63 65 6C 20 58 3A 2D 33 30 30 2C 20 59 3A 2D 31 30 34 2C 20 5A 3A 31 36 37 33 36 0D 0A 41 63 63 65 6C 20 58 3A 2D 32 36 34 2C 20 59 3A 2D 34 38 2C 20 5A 3A 31 36 38 32 30 0D 0A 41 63 63 65 6C 20 58 3A 2D 31 38 38 2C 20 59 3A 2D 31 30 30 2C 20 5A 3A 31 36 38 38 38 0D 0A 41 63 63 65 6C 20 58 
[0;32mI (1083418) UART_APP: Nhan duoc 120 bytes tu STM32: :-168, Y:-24, Z:16848
Accel X:-196, Y:80, Z:16940
Accel X:-212, Y:-44, Z:16876
Accel X:-152, Y:-32, Z:16828
Accel X:[0m
3A 2D 31 36 38 2C 20 59 3A 2D 32 34 2C 20 5A 3A 31 36 38 34 38 0D 0A 41 63 63 65 6C 20 58 3A 2D 31 39 36 2C 20 59 3A 38 30 2C 20 5A 3A 31 36 39 34 30 0D 0A 41 63 63 65 6C 20 58 3A 2D 32 31 32 2C 20 59 3A 2D 34 34 2C 20 5A 3A 31 36 38 37 36 0D 0A 41 63 63 65 6C 20 58 3A 2D 31 35 32 2C 20 59 3A 2D 33 32 2C 20 5A 3A 31 36 38 32 38 0D 0A 41 63 63 65 6C 20 58 3A 
[0;32mI (1083548) UART_APP: Nhan duoc 120 bytes tu STM32: -276, Y:44, Z:16724
Accel X:-152, Y:-20, Z:16896
Accel X:-192, Y:64, Z:16824
Accel X:-440, Y:-40, Z:16520
Accel X:-2[0m
2D 32 37 36 2C 20 59 3A 34 34 2C 20 5A 3A 31 36 37 32 34 0D 0A 41 63 63 65 6C 20 58 3A 2D 31 35 32 2C 20 59 3A 2D 32 30 2C 20 5A 3A 31 36 38 39 36 0D 0A 41 63 63 65 6C 20 58 3A 2D 31 39 32 2C 20 59 3A 36 34 2C 20 5A 3A 31 36 38 32 34 0D 0A 41 63 63 65 6C 20 58 3A 2D 34 34 30 2C 20 59 3A 2D 34 30 2C 20 5A 3A 31 36 35 32 30 0D 0A 41 63 63 65 6C 20 58 3A 2D 32 
[0;32mI (1083688) UART_APP: Nhan duoc 120 bytes tu STM32: 20, Y:32, Z:17012
Accel X:-368, Y:-108, Z:16444
Accel X:-152, Y:96, Z:16936
Accel X:-236, Y:-84, Z:16920
Accel X:-19[0m
32 30 2C 20 59 3A 33 32 2C 20 5A 3A 31 37 30 31 32 0D 0A 41 63 63 65 6C 20 58 3A 2D 33 36 38 2C 20 59 3A 2D 31 30 38 2C 20 5A 3A 31 36 34 34 34 0D 0A 41 63 63 65 6C 20 58 3A 2D 31 35 32 2C 20 59 3A 39 36 2C 20 5A 3A 31 36 39 33 36 0D 0A 41 63 63 65 6C 20 58 3A 2D 32 33 36 2C 20 59 3A 2D 38 34 2C 20 5A 3A 31 36 39 32 30 0D 0A 41 63 63 65 6C 20 58 3A 2D 31 39 
[0;32mI (1083828) UART_APP: Nhan duoc 120 bytes tu STM32: 6, Y:-32, Z:16720
Accel X:-224, Y:-68, Z:16912
Accel X:-176, Y:32, Z:16948
Accel X:-204, Y:-68, Z:16880
Accel X:-220[0m
36 2C 20 59 3A 2D 33 32 2C 20 5A 3A 31 36 37 32 30 0D 0A 41 63 63 65 6C 20 58 3A 2D 32 32 34 2C 20 59 3A 2D 36 38 2C 20 5A 3A 31 36 39 31 32 0D 0A 41 63 63 65 6C 20 58 3A 2D 31 37 36 2C 20 59 3A 33 32 2C 20 5A 3A 31 36 39 34 38 0D 0A 41 63 63 65 6C 20 58 3A 2D 32 30 34 2C 20 59 3A 2D 36 38 2C 20 5A 3A 31 36 38 38 30 0D 0A 41 63 63 65 6C 20 58 3A 2D 32 32 30 
[0;32mI (1083958) UART_APP: Nhan duoc 120 bytes tu STM32: , Y:-56, Z:16776
Accel X:-316, Y:-68, Z:16672
Accel X:-200, Y:72, Z:16748
Accel X:-332, Y:-16, Z:16740
Accel X:-288,[0m
2C 20 59 3A 2D 35 36 2C 20 5A 3A 31 36 37 37 36 0D 0A 41 63 63 65 6C 20 58 3A 2D 33 31 36 2C 20 59 3A 2D 36 38 2C 20 5A 3A 31 36 36 37 32 0D 0A 41 63 63 65 6C 20 58 3A 2D 32 30 30 2C 20 59 3A 37 32 2C 20 5A 3A 31 36 37 34 38 0D 0A 41 63 63 65 6C 20 58 3A 2D 33 33 32 2C 20 59 3A 2D 31 36 2C 20 5A 3A 31 36 37 34 30 0D 0A 41 63 63 65 6C 20 58 3A 2D 32 38 38 2C 
[0;32mI (1084098) UART_APP: Nhan duoc 120 bytes tu STM32:  Y:-12, Z:16764
Accel X:-240, Y:-96, Z:16604
Accel X:-204, Y:-4, Z:16892
Accel X:-248, Y:-76, Z:16808
Accel X:-240, [0m
20 59 3A 2D 31 32 2C 20 5A 3A 31 36 37 36 34 0D 0A 41 63 63 65 6C 20 58 3A 2D 32 34 30 2C 20 59 3A 2D 39 36 2C 20 5A 3A 31 36 36 30 34 0D 0A 41 63 63 65 6C 20 58 3A 2D 32 30 34 2C 20 59 3A 2D 34 2C 20 5A 3A 31 36 38 39 32 0D 0A 41 63 63 65 6C 20 58 3A 2D 32 34 38 2C 20 59 3A 2D 37 36 2C 20 5A 3A 31 36 38 30 38 0D 0A 41 63 63 65 6C 20 58 3A 2D 32 34 30 2C 20 
[0;32mI (1084238) UART_APP: Nhan duoc 120 bytes tu STM32: Y:-88, Z:16840
Accel X:-168, Y:-32, Z:16688
Accel X:-220, Y:-16, Z:16852
Accel X:-300, Y:-40, Z:16896
Accel X:-232, [0m
59 3A 2D 38 38 2C 20 5A 3A 31 36 38 34 30 0D 0A 41 63 63 65 6C 20 58 3A 2D 31 36 38 2C 20 59 3A 2D 33 32 2C 20 5A 3A 31 36 36 38 38 0D 0A 41 63 63 65 6C 20 58 3A 2D 32 32 30 2C 20 59 3A 2D 31 36 2C 20 5A 3A 31 36 38 35 32 0D 0A 41 63 63 65 6C 20 58 3A 2D 33 30 30 2C 20 59 3A 2D 34 30 2C 20 5A 3A 31 36 38 39 36 0D 0A 41 63 63 65 6C 20 58 3A 2D 32 33 32 2C 20 
[0;32mI (1084378) UART_APP: Nhan duoc 120 bytes tu STM32: Y:8, Z:16832
Accel X:-216, Y:28, Z:16888
Accel X:-80, Y:16, Z:16712
Accel X:-164, Y:28, Z:16852
Accel X:-264, Y:-24,[0m
59 3A 38 2C 20 5A 3A 31 36 38 33 32 0D 0A 41 63 63 65 6C 20 58 3A 2D 32 31 36 2C 20 59 3A 32 38 2C 20 5A 3A 31 36 38 38 38 0D 0A 41 63 63 65 6C 20 58 3A 2D 38 30 2C 20 59 3A 31 36 2C 20 5A 3A 31 36 37 31 32 0D 0A 41 63 63 65 6C 20 58 3A 2D 31 36 34 2C 20 59 3A 32 38 2C 20 5A 3A 31 36 38 35 32 0D 0A 41 63 63 65 6C 20 58 3A 2D 32 36 34 2C 20 59 3A 2D 32 34 2C 
[0;32mI (1084508) UART_APP: Nhan duoc 120 bytes tu STM32:  Z:16740
Accel X:-312, Y:-88, Z:16864
Accel X:-288, Y:-52, Z:16692
Accel X:-256, Y:-108, Z:16860
Accel X:-232, Y:56,[0m
20 5A 3A 31 36 37 34 30 0D 0A 41 63 63 65 6C 20 58 3A 2D 33 31 32 2C 20 59 3A 2D 38 38 2C 20 5A 3A 31 36 38 36 34 0D 0A 41 63 63 65 6C 20 58 3A 2D 32 38 38 2C 20 59 3A 2D 35 32 2C 20 5A 3A 31 36 36 39 32 0D 0A 41 63 63 65 6C 20 58 3A 2D 32 35 36 2C 20 59 3A 2D 31 30 38 2C 20 5A 3A 31 36 38 36 30 0D 0A 41 63 63 65 6C 20 58 3A 2D 32 33 32 2C 20 59 3A 35 36 2C 
[0;32mI (1084648) UART_APP: Nhan duoc 120 bytes tu STM32:  Z:16712
Accel X:-240, Y:44, Z:16776
Accel X:-244, Y:-132, Z:16864
Accel X:-276, Y:-108, Z:16784
Accel X:-188, Y:-88[0m
20 5A 3A 31 36 37 31 32 0D 0A 41 63 63 65 6C 20 58 3A 2D 32 34 30 2C 20 59 3A 34 34 2C 20 5A 3A 31 36 37 37 36 0D 0A 41 63 63 65 6C 20 58 3A 2D 32 34 34 2C 20 59 3A 2D 31 33 32 2C 20 5A 3A 31 36 38 36 34 0D 0A 41 63 63 65 6C 20 58 3A 2D 32 37 36 2C 20 59 3A 2D 31 30 38 2C 20 5A 3A 31 36 37 38 34 0D 0A 41 63 63 65 6C 20 58 3A 2D 31 38 38 2C 20 59 3A 2D 38 38 
[0;32mI (1084788) UART_APP: Nhan duoc 120 bytes tu STM32: , Z:16900
Accel X:-120, Y:-112, Z:16712
Accel X:-272, Y:-12, Z:17000
Accel X:-268, Y:48, Z:16824
Accel X:-200, Y:-80[0m
2C 20 5A 3A 31 36 39 30 30 0D 0A 41 63 63 65 6C 20 58 3A 2D 31 32 30 2C 20 59 3A 2D 31 31 32 2C 20 5A 3A 31 36 37 31 32 0D 0A 41 63 63 65 6C 20 58 3A 2D 32 37 32 2C 20 59 3A 2D 31 32 2C 20 5A 3A 31 37 30 30 30 0D 0A 41 63 63 65 6C 20 58 3A 2D 32 36 38 2C 20 59 3A 34 38 2C 20 5A 3A 31 36 38 32 34 0D 0A 41 63 63 65 6C 20 58 3A 2D 32 30 30 2C 20 59 3A 2D 38 30 
[0;32mI (1084928) UART_APP: Nhan duoc 120 bytes tu STM32: , Z:16848
Accel X:-212, Y:-96, Z:16808
Accel X:-124, Y:-20, Z:16704
Accel X:-328, Y:8, Z:16872
Accel X:-188, Y:60, Z[0m
2C 20 5A 3A 31 36 38 34 38 0D 0A 41 63 63 65 6C 20 58 3A 2D 32 31 32 2C 20 59 3A 2D 39 36 2C 20 5A 3A 31 36 38 30 38 0D 0A 41 63 63 65 6C 20 58 3A 2D 31 32 34 2C 20 59 3A 2D 32 30 2C 20 5A 3A 31 36 37 30 34 0D 0A 41 63 63 65 6C 20 58 3A 2D 33 32 38 2C 20 59 3A 38 2C 20 5A 3A 31 36 38 37 32 0D 0A 41 63 63 65 6C 20 58 3A 2D 31 38 38 2C 20 59 3A 36 30 2C 20 5A 
[0;32mI (1085058) UART_APP: Nhan duoc 120 bytes tu STM32: :16880
Accel X:-236, Y:-36, Z:16640
Accel X:-292, Y:-16, Z:16856
Accel X:-128, Y:-80, Z:16848
Accel X:-236, Y:92, Z:[0m
3A 31 36 38 38 30 0D 0A 41 63 63 65 6C 20 58 3A 2D 32 33 36 2C 20 59 3A 2D 33 36 2C 20 5A 3A 31 36 36 34 30 0D 0A 41 63 63 65 6C 20 58 3A 2D 32 39 32 2C 20 59 3A 2D 31 36 2C 20 5A 3A 31 36 38 35 36 0D 0A 41 63 63 65 6C 20 58 3A 2D 31 32 38 2C 20 59 3A 2D 38 30 2C 20 5A 3A 31 36 38 34 38 0D 0A 41 63 63 65 6C 20 58 3A 2D 32 33 36 2C 20 59 3A 39 32 2C 20 5A 3A 
[0;32mI (1085198) UART_APP: Nhan duoc 120 bytes tu STM32: 16688
Accel X:-248, Y:-152, Z:16848
Accel X:-112, Y:64, Z:16876
Accel X:-260, Y:100, Z:16852
Accel X:-240, Y:-160, Z[0m
31 36 36 38 38 0D 0A 41 63 63 65 6C 20 58 3A 2D 32 34 38 2C 20 59 3A 2D 31 35 32 2C 20 5A 3A 31 36 38 34 38 0D 0A 41 63 63 65 6C 20 58 3A 2D 31 31 32 2C 20 59 3A 36 34 2C 20 5A 3A 31 36 38 37 36 0D 0A 41 63 63 65 6C 20 58 3A 2D 32 36 30 2C 20 59 3A 31 30 30 2C 20 5A 3A 31 36 38 35 32 0D 0A 41 63 63 65 6C 20 58 3A 2D 32 34 30 2C 20 59 3A 2D 31 36 30 2C 20 5A 
[0;32mI (1085338) UART_APP: Nhan duoc 120 bytes tu STM32: :16868
Accel X:-200, Y:-88, Z:16800
Accel X:-208, Y:-4, Z:16972
Accel X:-272, Y:-80, Z:16760
Accel X:-248, Y:-56, Z:[0m
3A 31 36 38 36 38 0D 0A 41 63 63 65 6C 20 58 3A 2D 32 30 30 2C 20 59 3A 2D 38 38 2C 20 5A 3A 31 36 38 30 30 0D 0A 41 63 63 65 6C 20 58 3A 2D 32 30 38 2C 20 59 3A 2D 34 2C 20 5A 3A 31 36 39 37 32 0D 0A 41 63 63 65 6C 20 58 3A 2D 32 37 32 2C 20 59 3A 2D 38 30 2C 20 5A 3A 31 36 37 36 30 0D 0A 41 63 63 65 6C 20 58 3A 2D 32 34 38 2C 20 59 3A 2D 35 36 2C 20 5A 3A 
[0;32mI (1085468) UART_APP: Nhan duoc 120 bytes tu STM32: 16788
Accel X:-316, Y:-4, Z:16924
Accel X:-200, Y:-4, Z:16944
Accel X:-144, Y:-24, Z:16740
Accel X:-188, Y:-20, Z:16[0m
31 36 37 38 38 0D 0A 41 63 63 65 6C 20 58 3A 2D 33 31 36 2C 20 59 3A 2D 34 2C 20 5A 3A 31 36 39 32 34 0D 0A 41 63 63 65 6C 20 58 3A 2D 32 30 30 2C 20 59 3A 2D 34 2C 20 5A 3A 31 36 39 34 34 0D 0A 41 63 63 65 6C 20 58 3A 2D 31 34 34 2C 20 59 3A 2D 32 34 2C 20 5A 3A 31 36 37 34 30 0D 0A 41 63 63 65 6C 20 58 3A 2D 31 38 38 2C 20 59 3A 2D 32 30 2C 20 5A 3A 31 36 
[0;32mI (1085608) UART_APP: Nhan duoc 120 bytes tu STM32: 896
Accel X:-228, Y:-88, Z:16692
Accel X:-280, Y:-24, Z:16824
Accel X:-300, Y:-16, Z:16976
Accel X:-128, Y:128, Z:16[0m
38 39 36 0D 0A 41 63 63 65 6C 20 58 3A 2D 32 32 38 2C 20 59 3A 2D 38 38 2C 20 5A 3A 31 36 36 39 32 0D 0A 41 63 63 65 6C 20 58 3A 2D 32 38 30 2C 20 59 3A 2D 32 34 2C 20 5A 3A 31 36 38 32 34 0D 0A 41 63 63 65 6C 20 58 3A 2D 33 30 30 2C 20 59 3A 2D 31 36 2C 20 5A 3A 31 36 39 37 36 0D 0A 41 63 63 65 6C 20 58 3A 2D 31 32 38 2C 20 59 3A 31 32 38 2C 20 5A 3A 31 36 
[0;32mI (1085748) UART_APP: Nhan duoc 120 bytes tu STM32: 852
Accel X:-296, Y:-76, Z:16812
Accel X:-208, Y:20, Z:16948
Accel X:-276, Y:-24, Z:16720
Accel X:-208, Y:-92, Z:168[0m
38 35 32 0D 0A 41 63 63 65 6C 20 58 3A 2D 32 39 36 2C 20 59 3A 2D 37 36 2C 20 5A 3A 31 36 38 31 32 0D 0A 41 63 63 65 6C 20 58 3A 2D 32 30 38 2C 20 59 3A 32 30 2C 20 5A 3A 31 36 39 34 38 0D 0A 41 63 63 65 6C 20 58 3A 2D 32 37 36 2C 20 59 3A 2D 32 34 2C 20 5A 3A 31 36 37 32 30 0D 0A 41 63 63 65 6C 20 58 3A 2D 32 30 38 2C 20 59 3A 2D 39 32 2C 20 5A 3A 31 36 38 
[0;32mI (1085888) UART_APP: Nhan duoc 120 bytes tu STM32: 64
Accel X:-316, Y:-80, Z:16948
Accel X:-260, Y:44, Z:16668
Accel X:-232, Y:0, Z:16840
Accel X:-200, Y:-12, Z:16748[0m
36 34 0D 0A 41 63 63 65 6C 20 58 3A 2D 33 31 36 2C 20 59 3A 2D 38 30 2C 20 5A 3A 31 36 39 34 38 0D 0A 41 63 63 65 6C 20 58 3A 2D 32 36 30 2C 20 59 3A 34 34 2C 20 5A 3A 31 36 36 36 38 0D 0A 41 63 63 65 6C 20 58 3A 2D 32 33 32 2C 20 59 3A 30 2C 20 5A 3A 31 36 38 34 30 0D 0A 41 63 63 65 6C 20 58 3A 2D 32 30 30 2C 20 59 3A 2D 31 32 2C 20 5A 3A 31 36 37 34 38 0D 
[0;32mI (1086018) UART_APP: Nhan duoc 120 bytes tu STM32: 
Accel X:-196, Y:-108, Z:16880
Accel X:-288, Y:-48, Z:16868
Accel X:-288, Y:56, Z:16872
Accel X:-224, Y:-44, Z:16868[0m
0A 41 63 63 65 6C 20 58 3A 2D 31 39 36 2C 20 59 3A 2D 31 30 38 2C 20 5A 3A 31 36 38 38 30 0D 0A 41 63 63 65 6C 20 58 3A 2D 32 38 38 2C 20 59 3A 2D 34 38 2C 20 5A 3A 31 36 38 36 38 0D 0A 41 63 63 65 6C 20 58 3A 2D 32 38 38 2C 20 59 3A 35 36 2C 20 5A 3A 31 36 38 37 32 0D 0A 41 63 63 65 6C 20 58 3A 2D 32 32 34 2C 20 59 3A 2D 34 34 2C 20 5A 3A 31 36 38 36 38 0D 
[0;32mI (1086158) UART_APP: Nhan duoc 120 bytes tu STM32: 
Accel X:-244, Y:-84, Z:16764
Accel X:-188, Y:-68, Z:16848
Accel X:-216, Y:0, Z:16948
Accel X:-276, Y:4, Z:16852
Acc[0m
0A 41 63 63 65 6C 20 58 3A 2D 32 34 34 2C 20 59 3A 2D 38 34 2C 20 5A 3A 31 36 37 36 34 0D 0A 41 63 63 65 6C 20 58 3A 2D 31 38 38 2C 20 59 3A 2D 36 38 2C 20 5A 3A 31 36 38 34 38 0D 0A 41 63 63 65 6C 20 58 3A 2D 32 31 36 2C 20 59 3A 30 2C 20 5A 3A 31 36 39 34 38 0D 0A 41 63 63 65 6C 20 58 3A 2D 32 37 36 2C 20 59 3A 34 2C 20 5A 3A 31 36 38 35 32 0D 0A 41 63 63 
[0;32mI (1086298) UART_APP: Nhan duoc 120 bytes tu STM32: el X:-108, Y:-116, Z:16872
Accel X:-160, Y:-100, Z:16884
Accel X:-192, Y:-60, Z:16844
Accel X:-216, Y:0, Z:16728
Acc[0m
65 6C 20 58 3A 2D 31 30 38 2C 20 59 3A 2D 31 31 36 2C 20 5A 3A 31 36 38 37 32 0D 0A 41 63 63 65 6C 20 58 3A 2D 31 36 30 2C 20 59 3A 2D 31 30 30 2C 20 5A 3A 31 36 38 38 34 0D 0A 41 63 63 65 6C 20 58 3A 2D 31 39 32 2C 20 59 3A 2D 36 30 2C 20 5A 3A 31 36 38 34 34 0D 0A 41 63 63 65 6C 20 58 3A 2D 32 31 36 2C 20 59 3A 30 2C 20 5A 3A 31 36 37 32 38 0D 0A 41 63 63 
[0;32mI (1086438) UART_APP: Nhan duoc 120 bytes tu STM32: el X:-176, Y:8, Z:16860
Accel X:-280, Y:-84, Z:16768
Accel X:-240, Y:-48, Z:16792
Accel X:-316, Y:-12, Z:16788
Accel[0m
65 6C 20 58 3A 2D 31 37 36 2C 20 59 3A 38 2C 20 5A 3A 31 36 38 36 30 0D 0A 41 63 63 65 6C 20 58 3A 2D 32 38 30 2C 20 59 3A 2D 38 34 2C 20 5A 3A 31 36 37 36 38 0D 0A 41 63 63 65 6C 20 58 3A 2D 32 34 30 2C 20 59 3A 2D 34 38 2C 20 5A 3A 31 36 37 39 32 0D 0A 41 63 63 65 6C 20 58 3A 2D 33 31 36 2C 20 59 3A 2D 31 32 2C 20 5A 3A 31 36 37 38 38 0D 0A 41 63 63 65 6C 
[0;32mI (1086568) UART_APP: Nhan duoc 120 bytes tu STM32:  X:-224, Y:-104, Z:16924
Accel X:-136, Y:84, Z:16800
Accel X:-240, Y:-108, Z:16812
Accel X:-304, Y:8, Z:16824
Accel [0m
